Archive member included because of file (symbol)

c:/altera/11.0sp1/nios2eds/bin/gnu/h-i686-mingw32/bin/../lib/gcc/nios2-elf/4.1.2/../../../../nios2-elf/lib\libc.a(lib_a-ctype_.o)
                              obj/simple_socket_server.o (__ctype_ptr)
c:/altera/11.0sp1/nios2eds/bin/gnu/h-i686-mingw32/bin/../lib/gcc/nios2-elf/4.1.2/../../../../nios2-elf/lib\libc.a(lib_a-fprintf.o)
                              obj/alt_error_handler.o (fprintf)
c:/altera/11.0sp1/nios2eds/bin/gnu/h-i686-mingw32/bin/../lib/gcc/nios2-elf/4.1.2/../../../../nios2-elf/lib\libc.a(lib_a-fwrite.o)
                              obj/alt_error_handler.o (fwrite)
c:/altera/11.0sp1/nios2eds/bin/gnu/h-i686-mingw32/bin/../lib/gcc/nios2-elf/4.1.2/../../../../nios2-elf/lib\libc.a(lib_a-impure.o)
                              obj/alt_error_handler.o (_impure_ptr)
c:/altera/11.0sp1/nios2eds/bin/gnu/h-i686-mingw32/bin/../lib/gcc/nios2-elf/4.1.2/../../../../nios2-elf/lib\libc.a(lib_a-memcpy.o)
                              obj/simple_socket_server.o (memcpy)
c:/altera/11.0sp1/nios2eds/bin/gnu/h-i686-mingw32/bin/../lib/gcc/nios2-elf/4.1.2/../../../../nios2-elf/lib\libc.a(lib_a-memmove.o)
                              obj/simple_socket_server.o (memmove)
c:/altera/11.0sp1/nios2eds/bin/gnu/h-i686-mingw32/bin/../lib/gcc/nios2-elf/4.1.2/../../../../nios2-elf/lib\libc.a(lib_a-memset.o)
                              obj/simple_socket_server.o (memset)
c:/altera/11.0sp1/nios2eds/bin/gnu/h-i686-mingw32/bin/../lib/gcc/nios2-elf/4.1.2/../../../../nios2-elf/lib\libc.a(lib_a-perror.o)
                              obj/alt_error_handler.o (perror)
c:/altera/11.0sp1/nios2eds/bin/gnu/h-i686-mingw32/bin/../lib/gcc/nios2-elf/4.1.2/../../../../nios2-elf/lib\libc.a(lib_a-printf.o)
                              obj/alt_error_handler.o (printf)
c:/altera/11.0sp1/nios2eds/bin/gnu/h-i686-mingw32/bin/../lib/gcc/nios2-elf/4.1.2/../../../../nios2-elf/lib\libc.a(lib_a-puts.o)
                              obj/alt_error_handler.o (puts)
c:/altera/11.0sp1/nios2eds/bin/gnu/h-i686-mingw32/bin/../lib/gcc/nios2-elf/4.1.2/../../../../nios2-elf/lib\libc.a(lib_a-sprintf.o)
                              obj/simple_socket_server.o (sprintf)
c:/altera/11.0sp1/nios2eds/bin/gnu/h-i686-mingw32/bin/../lib/gcc/nios2-elf/4.1.2/../../../../nios2-elf/lib\libc.a(lib_a-strchr.o)
                              obj/simple_socket_server.o (strchr)
c:/altera/11.0sp1/nios2eds/bin/gnu/h-i686-mingw32/bin/../lib/gcc/nios2-elf/4.1.2/../../../../nios2-elf/lib\libc.a(lib_a-strerror.o)
                              c:/altera/11.0sp1/nios2eds/bin/gnu/h-i686-mingw32/bin/../lib/gcc/nios2-elf/4.1.2/../../../../nios2-elf/lib\libc.a(lib_a-perror.o) (strerror)
c:/altera/11.0sp1/nios2eds/bin/gnu/h-i686-mingw32/bin/../lib/gcc/nios2-elf/4.1.2/../../../../nios2-elf/lib\libc.a(lib_a-strlen.o)
                              c:/altera/11.0sp1/nios2eds/bin/gnu/h-i686-mingw32/bin/../lib/gcc/nios2-elf/4.1.2/../../../../nios2-elf/lib\libc.a(lib_a-puts.o) (strlen)
c:/altera/11.0sp1/nios2eds/bin/gnu/h-i686-mingw32/bin/../lib/gcc/nios2-elf/4.1.2/../../../../nios2-elf/lib\libc.a(lib_a-u_strerr.o)
                              c:/altera/11.0sp1/nios2eds/bin/gnu/h-i686-mingw32/bin/../lib/gcc/nios2-elf/4.1.2/../../../../nios2-elf/lib\libc.a(lib_a-strerror.o) (_user_strerror)
c:/altera/11.0sp1/nios2eds/bin/gnu/h-i686-mingw32/bin/../lib/gcc/nios2-elf/4.1.2/../../../../nios2-elf/lib\libc.a(lib_a-vfprintf.o)
                              c:/altera/11.0sp1/nios2eds/bin/gnu/h-i686-mingw32/bin/../lib/gcc/nios2-elf/4.1.2/../../../../nios2-elf/lib\libc.a(lib_a-printf.o) (___vfprintf_internal_r)
c:/altera/11.0sp1/nios2eds/bin/gnu/h-i686-mingw32/bin/../lib/gcc/nios2-elf/4.1.2/../../../../nios2-elf/lib\libc.a(lib_a-wsetup.o)
                              c:/altera/11.0sp1/nios2eds/bin/gnu/h-i686-mingw32/bin/../lib/gcc/nios2-elf/4.1.2/../../../../nios2-elf/lib\libc.a(lib_a-vfprintf.o) (__swsetup_r)
c:/altera/11.0sp1/nios2eds/bin/gnu/h-i686-mingw32/bin/../lib/gcc/nios2-elf/4.1.2/../../../../nios2-elf/lib\libc.a(lib_a-dtoa.o)
                              c:/altera/11.0sp1/nios2eds/bin/gnu/h-i686-mingw32/bin/../lib/gcc/nios2-elf/4.1.2/../../../../nios2-elf/lib\libc.a(lib_a-vfprintf.o) (_dtoa_r)
c:/altera/11.0sp1/nios2eds/bin/gnu/h-i686-mingw32/bin/../lib/gcc/nios2-elf/4.1.2/../../../../nios2-elf/lib\libc.a(lib_a-fflush.o)
                              c:/altera/11.0sp1/nios2eds/bin/gnu/h-i686-mingw32/bin/../lib/gcc/nios2-elf/4.1.2/../../../../nios2-elf/lib\libc.a(lib_a-vfprintf.o) (_fflush_r)
c:/altera/11.0sp1/nios2eds/bin/gnu/h-i686-mingw32/bin/../lib/gcc/nios2-elf/4.1.2/../../../../nios2-elf/lib\libc.a(lib_a-findfp.o)
                              c:/altera/11.0sp1/nios2eds/bin/gnu/h-i686-mingw32/bin/../lib/gcc/nios2-elf/4.1.2/../../../../nios2-elf/lib\libc.a(lib_a-fwrite.o) (__sinit)
c:/altera/11.0sp1/nios2eds/bin/gnu/h-i686-mingw32/bin/../lib/gcc/nios2-elf/4.1.2/../../../../nios2-elf/lib\libc.a(lib_a-fputc.o)
[...]
Memory Configuration

Name             Origin             Length             Attributes
reset            0x04000000         0x00000020
sdram            0x04000020         0x01ffffe0
*default*        0x00000000         0xffffffff

Linker script and memory map

LOAD ../tcpip_test_bsp//obj/HAL/src/crt0.o
LOAD obj/alt_error_handler.o
LOAD obj/iniche_init.o
LOAD obj/led.o
LOAD obj/network_utilities.o
LOAD obj/simple_socket_server.o
LOAD obj/tse_my_system.o
LOAD c:/altera/11.0sp1/nios2eds/bin/gnu/h-i686-mingw32/bin/../lib/gcc/nios2-elf/4.1.2/../../../../nios2-elf/lib\libstdc++.a
LOAD c:/altera/11.0sp1/nios2eds/bin/gnu/h-i686-mingw32/bin/../lib/gcc/nios2-elf/4.1.2/../../../../nios2-elf/lib\libm.a
LOAD c:/altera/11.0sp1/nios2eds/bin/gnu/h-i686-mingw32/bin/../lib/gcc/nios2-elf/4.1.2\libgcc.a
START GROUP
LOAD c:/altera/11.0sp1/nios2eds/bin/gnu/h-i686-mingw32/bin/../lib/gcc/nios2-elf/4.1.2/../../../../nios2-elf/lib\libc.a
LOAD c:/altera/11.0sp1/nios2eds/bin/gnu/h-i686-mingw32/bin/../lib/gcc/nios2-elf/4.1.2\libgcc.a
LOAD ../tcpip_test_bsp/\libucosii_bsp.a
END GROUP
LOAD c:/altera/11.0sp1/nios2eds/bin/gnu/h-i686-mingw32/bin/../lib/gcc/nios2-elf/4.1.2\libgcc.a
                0x04000000                __alt_mem_sdram = 0x4000000

.entry          0x04000000       0x20
 *(.entry)
 .entry         0x04000000       0x20 ../tcpip_test_bsp//obj/HAL/src/crt0.o
                0x04000000                __reset

.exceptions     0x04000020      0x19c
                0x04000020                PROVIDE (__ram_exceptions_start, ABSOLUTE (.))
                0x04000020                . = ALIGN (0x20)
 *(.irq)
 *(.exceptions.entry.label)
 .exceptions.entry.label
                0x04000020        0x0 ../tcpip_test_bsp/\libucosii_bsp.a(alt_irq_entry.o)
                0x04000020                alt_irq_entry
 .exceptions.entry.label
                0x04000020        0x0 ../tcpip_test_bsp/\libucosii_bsp.a(alt_exception_entry.o)
                0x04000020                alt_exception
 *(.exceptions.entry.user)
 *(.exceptions.entry)
 .exceptions.entry
                0x04000020       0x54 ../tcpip_test_bsp/\libucosii_bsp.a(alt_exception_entry.o)
 *(.exceptions.irqtest.user)
 *(.exceptions.irqtest)
 .exceptions.irqtest
                0x04000074       0x10 ../tcpip_test_bsp/\libucosii_bsp.a(alt_irq_entry.o)
 *(.exceptions.irqhandler.user)
 *(.exceptions.irqhandler)
 .exceptions.irqhandler
                0x04000084        0x4 ../tcpip_test_bsp/\libucosii_bsp.a(alt_irq_entry.o)
 *(.exceptions.irqreturn.user)
 *(.exceptions.irqreturn)
 .exceptions.irqreturn
                0x04000088        0x4 ../tcpip_test_bsp/\libucosii_bsp.a(alt_irq_entry.o)
 *(.exceptions.notirq.label)
 .exceptions.notirq.label
                0x0400008c        0x0 ../tcpip_test_bsp/\libucosii_bsp.a(alt_irq_entry.o)
 *(.exceptions.notirq.user)
 *(.exceptions.notirq)
 .exceptions.notirq
                0x0400008c        0x8 ../tcpip_test_bsp/\libucosii_bsp.a(alt_exception_entry.o)
 *(.exceptions.soft.user)
 *(.exceptions.soft)
 *(.exceptions.unknown.user)
 *(.exceptions.unknown)
 .exceptions.unknown
                0x04000094        0x4 ../tcpip_test_bsp/\libucosii_bsp.a(alt_exception_entry.o)
 *(.exceptions.exit.label)
 .exceptions.exit.label
                0x04000098        0x0 ../tcpip_test_bsp/\libucosii_bsp.a(alt_irq_entry.o)
 .exceptions.exit.label
                0x04000098        0x0 ../tcpip_test_bsp/\libucosii_bsp.a(alt_exception_entry.o)
 *(.exceptions.exit.user)
 *(.exceptions.exit)
 .exceptions.exit
                0x04000098       0x54 ../tcpip_test_bsp/\libucosii_bsp.a(alt_exception_entry.o)
 *(.exceptions)
 .exceptions    0x040000ec       0xd0 ../tcpip_test_bsp/\libucosii_bsp.a(alt_irq_handler.o)
                0x040000ec                alt_irq_handler
                0x040001bc                PROVIDE (__ram_exceptions_end, ABSOLUTE (.))
                0x04000020                PROVIDE (__flash_exceptions_start, LOADADDR (.exceptions))

.text           0x040001bc    0x46a10
                0x040001bc                PROVIDE (stext, ABSOLUTE (.))
 *(.interp)
 *(.hash)
 *(.dynsym)
 *(.dynstr)
 *(.gnu.version)
 *(.gnu.version_d)
 *(.gnu.version_r)
 *(.rel.init)
 *(.rela.init)
 *(.rel.text .rel.text.* .rel.gnu.linkonce.t.*)
 *(.rela.text .rela.text.* .rela.gnu.linkonce.t.*)
 *(.rel.fini)
 *(.rela.fini)
 *(.rel.rodata .rel.rodata.* .rel.gnu.linkonce.r.*)
 *(.rela.rodata .rela.rodata.* .rela.gnu.linkonce.r.*)
 *(.rel.data .rel.data.* .rel.gnu.linkonce.d.*)
 *(.rela.data .rela.data.* .rela.gnu.linkonce.d.*)
 *(.rel.tdata .rel.tdata.* .rel.gnu.linkonce.td.*)
 *(.rela.tdata .rela.tdata.* .rela.gnu.linkonce.td.*)
 *(.rel.tbss .rel.tbss.* .rel.gnu.linkonce.tb.*)
 *(.rela.tbss .rela.tbss.* .rela.gnu.linkonce.tb.*)
 *(.rel.ctors)
 *(.rela.ctors)
 *(.rel.dtors)
 *(.rela.dtors)
 *(.rel.got)
 *(.rela.got)
 *(.rel.sdata .rel.sdata.* .rel.gnu.linkonce.s.*)
 *(.rela.sdata .rela.sdata.* .rela.gnu.linkonce.s.*)
 *(.rel.sbss .rel.sbss.* .rel.gnu.linkonce.sb.*)
 *(.rela.sbss .rela.sbss.* .rela.gnu.linkonce.sb.*)
 *(.rel.sdata2 .rel.sdata2.* .rel.gnu.linkonce.s2.*)
 *(.rela.sdata2 .rela.sdata2.* .rela.gnu.linkonce.s2.*)
 *(.rel.sbss2 .rel.sbss2.* .rel.gnu.linkonce.sb2.*)
 *(.rela.sbss2 .rela.sbss2.* .rela.gnu.linkonce.sb2.*)
 *(.rel.bss .rel.bss.* .rel.gnu.linkonce.b.*)
 *(.rela.bss .rela.bss.* .rela.gnu.linkonce.b.*)
 *(.rel.plt)
 *(.rela.plt)
 *(.rel.dyn)
 *(.init)
 *(.plt)
 *(.text .stub .text.* .gnu.linkonce.t.*)
 .text          0x040001bc       0x4c ../tcpip_test_bsp//obj/HAL/src/crt0.o
                0x040001bc                _start
 .text          0x04000208      0xba8 obj/alt_error_handler.o
                0x04000208                alt_uCOSIIErrorHandler
                0x0400082c                alt_NetworkErrorHandler
                0x04000ac4                alt_SSSErrorHandler
 .text          0x04000db0       0xf8 obj/iniche_init.o
                0x04000db0                SSSInitialTask
                0x04000e28                main
 .text          0x04000ea8      0x1f4 obj/led.o
                0x04000ea8                led_bit_toggle
                0x04000f94                LEDManagementTask
 .text          0x0400109c      0x1a0 obj/network_utilities.o
                0x0400109c                get_mac_addr
                0x040010dc                get_ip_addr
                0x04001138                generate_mac_addr
 .text          0x0400123c      0x8f0 obj/simple_socket_server.o
                0x0400123c                SSSCreateOSDataStructs
                0x040012e4                SSSCreateTasks
                0x04001358                sss_reset_connection
                0x040013c8                sss_send_menu
                0x04001530                sss_handle_accept
                0x040015f0                sss_exec_command
                0x04001794                sss_handle_receive
                0x04001980                SSSSimpleSocketServerTask
 .text          0x04001b2c      0x17c obj/tse_my_system.o
                0x04001b2c                SOFT_PHY_link_status_read
                0x04001b60                setup_phy
 .text          0x04001ca8        0x0 c:/altera/11.0sp1/nios2eds/bin/gnu/h-i686-mingw32/bin/../lib/gcc/nios2-elf/4.1.2/../../../../nios2-elf/lib\libc.a(lib_a-ctype_.o)
 .text          0x04001ca8       0x60 c:/altera/11.0sp1/nios2eds/bin/gnu/h-i686-mingw32/bin/../lib/gcc/nios2-elf/4.1.2/../../../../nios2-elf/lib\libc.a(lib_a-fprintf.o)
                0x04001ca8                fprintf
                0x04001cd4                _fprintf_r
 .text          0x04001d08       0xdc c:/altera/11.0sp1/nios2eds/bin/gnu/h-i686-mingw32/bin/../lib/gcc/nios2-elf/4.1.2/../../../../nios2-elf/lib\libc.a(lib_a-fwrite.o)
                0x04001d08                _fwrite_r
                0x04001da4                fwrite
 .text          0x04001de4        0x0 c:/altera/11.0sp1/nios2eds/bin/gnu/h-i686-mingw32/bin/../lib/gcc/nios2-elf/4.1.2/../../../../nios2-elf/lib\libc.a(lib_a-impure.o)
 .text          0x04001de4       0xa0 c:/altera/11.0sp1/nios2eds/bin/gnu/h-i686-mingw32/bin/../lib/gcc/nios2-elf/4.1.2/../../../../nios2-elf/lib\libc.a(lib_a-memcpy.o)
                0x04001de4                memcpy
 .text          0x04001e84       0xe0 c:/altera/11.0sp1/nios2eds/bin/gnu/h-i686-mingw32/bin/../lib/gcc/nios2-elf/4.1.2/../../../../nios2-elf/lib\libc.a(lib_a-memmove.o)
                0x04001e84                memmove
 .text          0x04001f64       0x98 c:/altera/11.0sp1/nios2eds/bin/gnu/h-i686-mingw32/bin/../lib/gcc/nios2-elf/4.1.2/../../../../nios2-elf/lib\libc.a(lib_a-memset.o)
                0x04001f64                memset
 .text          0x04001ffc       0x80 c:/altera/11.0sp1/nios2eds/bin/gnu/h-i686-mingw32/bin/../lib/gcc/nios2-elf/4.1.2/../../../../nios2-elf/lib\libc.a(lib_a-perror.o)
                0x04001ffc                _perror_r
                0x04002068                perror
 .text          0x0400207c       0x78 c:/altera/11.0sp1/nios2eds/bin/gnu/h-i686-mingw32/bin/../lib/gcc/nios2-elf/4.1.2/../../../../nios2-elf/lib\libc.a(lib_a-printf.o)
                0x0400207c                printf
                0x040020c0                _printf_r
 .text          0x040020f4       0xb4 c:/altera/11.0sp1/nios2eds/bin/gnu/h-i686-mingw32/bin/../lib/gcc/nios2-elf/4.1.2/../../../../nios2-elf/lib\libc.a(lib_a-puts.o)
                0x040020f4                _puts_r
                0x04002194                puts
 .text          0x040021a8       0xd4 c:/altera/11.0sp1/nios2eds/bin/gnu/h-i686-mingw32/bin/../lib/gcc/nios2-elf/4.1.2/../../../../nios2-elf/lib\libc.a(lib_a-sprintf.o)
                0x040021a8                sprintf
                0x0400221c                _sprintf_r
 .text          0x0400227c       0xe0 c:/altera/11.0sp1/nios2eds/bin/gnu/h-i686-mingw32/bin/../lib/gcc/nios2-elf/4.1.2/../../../../nios2-elf/lib\libc.a(lib_a-strchr.o)
                0x0400227c                strchr
 .text          0x0400235c      0x674 c:/altera/11.0sp1/nios2eds/bin/gnu/h-i686-mingw32/bin/../lib/gcc/nios2-elf/4.1.2/../../../../nios2-elf/lib\libc.a(lib_a-strerror.o)
                0x0400235c                strerror
 .text          0x040029d0       0x74 c:/altera/11.0sp1/nios2eds/bin/gnu/h-i686-mingw32/bin/../lib/gcc/nios2-elf/4.1.2/../../../../nios2-elf/lib\libc.a(lib_a-strlen.o)
                0x040029d0                strlen
 .text          0x04002a44        0x8 c:/altera/11.0sp1/nios2eds/bin/gnu/h-i686-mingw32/bin/../lib/gcc/nios2-elf/4.1.2/../../../../nios2-elf/lib\libc.a(lib_a-u_strerr.o)
                0x04002a44                _user_strerror
 .text          0x04002a4c     0x1f28 c:/altera/11.0sp1/nios2eds/bin/gnu/h-i686-mingw32/bin/../lib/gcc/nios2-elf/4.1.2/../../../../nios2-elf/lib\libc.a(lib_a-vfprintf.o)
                0x04002aa4                ___vfprintf_internal_r
                0x04004950                __vfprintf_internal
 .text          0x04004974      0x13c c:/altera/11.0sp1/nios2eds/bin/gnu/h-i686-mingw32/bin/../lib/gcc/nios2-elf/4.1.2/../../../../nios2-elf/lib\libc.a(lib_a-wsetup.o)
                0x04004974                __swsetup_r
 .text          0x04004ab0     0x17cc c:/altera/11.0sp1/nios2eds/bin/gnu/h-i686-mingw32/bin/../lib/gcc/nios2-elf/4.1.2/../../../../nios2-elf/lib\libc.a(lib_a-dtoa.o)
                0x04004cc8                _dtoa_r
 .text          0x0400627c      0x230 c:/altera/11.0sp1/nios2eds/bin/gnu/h-i686-mingw32/bin/../lib/gcc/nios2-elf/4.1.2/../../../../nios2-elf/lib\libc.a(lib_a-fflush.o)
                0x0400627c                _fflush_r
                0x04006478                fflush
 .text          0x040064ac      0x2c0 c:/altera/11.0sp1/nios2eds/bin/gnu/h-i686-mingw32/bin/../lib/gcc/nios2-elf/4.1.2/../../../../nios2-elf/lib\libc.a(lib_a-findfp.o)
                0x04006504                __sfp_lock_acquire
                0x04006508                __sfp_lock_release
                0x0400650c                __sinit_lock_acquire
                0x04006510                __sinit_lock_release
                0x04006514                __sinit
                0x040065c8                __fp_unlock_all
                0x040065e0                __fp_lock_all
                0x040065f8                _cleanup_r
                0x04006604                _cleanup
                0x04006614                __sfmoreglue
                0x0400667c                __sfp
 .text          0x0400676c       0xbc c:/altera/11.0sp1/nios2eds/bin/gnu/h-i686-mingw32/bin/../lib/gcc/nios2-elf/4.1.2/../../../../nios2-elf/lib\libc.a(lib_a-fputc.o)
                0x0400676c                fputc
                0x040067d0                _fputc_r
 .text          0x04006828       0x90 c:/altera/11.0sp1/nios2eds/bin/gnu/h-i686-mingw32/bin/../lib/gcc/nios2-elf/4.1.2/../../../../nios2-elf/lib\libc.a(lib_a-fputs.o)
                0x04006828                _fputs_r
                0x0400689c                fputs
 .text          0x040068b8      0x440 c:/altera/11.0sp1/nios2eds/bin/gnu/h-i686-mingw32/bin/../lib/gcc/nios2-elf/4.1.2/../../../../nios2-elf/lib\libc.a(lib_a-freer.o)
                0x040068b8                _malloc_trim_r
                0x040069e4                _free_r
 .text          0x04006cf8      0x49c c:/altera/11.0sp1/nios2eds/bin/gnu/h-i686-mingw32/bin/../lib/gcc/nios2-elf/4.1.2/../../../../nios2-elf/lib\libc.a(lib_a-fvwrite.o)
                0x04006cf8                __sfvwrite_r
 .text          0x04007194      0x180 c:/altera/11.0sp1/nios2eds/bin/gnu/h-i686-mingw32/bin/../lib/gcc/nios2-elf/4.1.2/../../../../nios2-elf/lib\libc.a(lib_a-fwalk.o)
                0x04007194                _fwalk_reent
                0x0400725c                _fwalk
 .text          0x04007314       0xc4 c:/altera/11.0sp1/nios2eds/bin/gnu/h-i686-mingw32/bin/../lib/gcc/nios2-elf/4.1.2/../../../../nios2-elf/lib\libc.a(lib_a-locale.o)
                0x04007314                __locale_charset
                0x0400731c                _localeconv_r
                0x04007328                localeconv
                0x04007338                _setlocale_r
                0x040073bc                setlocale
 .text          0x040073d8      0x194 c:/altera/11.0sp1/nios2eds/bin/gnu/h-i686-mingw32/bin/../lib/gcc/nios2-elf/4.1.2/../../../../nios2-elf/lib\libc.a(lib_a-makebuf.o)
                0x040073d8                __smakebuf_r
 .text          0x0400756c      0x740 c:/altera/11.0sp1/nios2eds/bin/gnu/h-i686-mingw32/bin/../lib/gcc/nios2-elf/4.1.2/../../../../nios2-elf/lib\libc.a(lib_a-mallocr.o)
                0x0400756c                _malloc_r
 .text          0x04007cac       0xe4 c:/altera/11.0sp1/nios2eds/bin/gnu/h-i686-mingw32/bin/../lib/gcc/nios2-elf/4.1.2/../../../../nios2-elf/lib\libc.a(lib_a-memchr.o)
                0x04007cac                memchr
 .text          0x04007d90      0xff4 c:/altera/11.0sp1/nios2eds/bin/gnu/h-i686-mingw32/bin/../lib/gcc/nios2-elf/4.1.2/../../../../nios2-elf/lib\libc.a(lib_a-mprec.o)
                0x04007d90                _Bfree
                0x04007db8                __hi0bits
                0x04007e28                __lo0bits
                0x04007eec                __mcmp
                0x04007f4c                __ulp
                0x04007fcc                __b2d
                0x040080ec                __ratio
                0x0400819c                _mprec_log10
                0x04008230                __copybits
                0x04008288                __any_on
                0x04008310                _Balloc
                0x040083cc                __d2b
                0x04008548                __mdiff
                0x040086d4                __lshift
                0x04008820                __multiply
                0x04008a08                __i2b
                0x04008a44                __multadd
                0x04008b44                __pow5mult
                0x04008c64                __s2b
 .text          0x04008d84      0x1ec c:/altera/11.0sp1/nios2eds/bin/gnu/h-i686-mingw32/bin/../lib/gcc/nios2-elf/4.1.2/../../../../nios2-elf/lib\libc.a(lib_a-putc.o)
                0x04008d84                putc
                0x04008e88                _putc_r
 .text          0x04008f70      0x5f4 c:/altera/11.0sp1/nios2eds/bin/gnu/h-i686-mingw32/bin/../lib/gcc/nios2-elf/4.1.2/../../../../nios2-elf/lib\libc.a(lib_a-reallocr.o)
                0x04008f70                _realloc_r
 .text          0x04009564       0x40 c:/altera/11.0sp1/nios2eds/bin/gnu/h-i686-mingw32/bin/../lib/gcc/nios2-elf/4.1.2/../../../../nios2-elf/lib\libc.a(lib_a-s_isinfd.o)
                0x04009564                __isinfd
 .text          0x040095a4       0x30 c:/altera/11.0sp1/nios2eds/bin/gnu/h-i686-mingw32/bin/../lib/gcc/nios2-elf/4.1.2/../../../../nios2-elf/lib\libc.a(lib_a-s_isnand.o)
                0x040095a4                __isnand
 .text          0x040095d4       0x70 c:/altera/11.0sp1/nios2eds/bin/gnu/h-i686-mingw32/bin/../lib/gcc/nios2-elf/4.1.2/../../../../nios2-elf/lib\libc.a(lib_a-sbrkr.o)
                0x040095d4                _sbrk_r
 .text          0x04009644      0x14c c:/altera/11.0sp1/nios2eds/bin/gnu/h-i686-mingw32/bin/../lib/gcc/nios2-elf/4.1.2/../../../../nios2-elf/lib\libc.a(lib_a-stdio.o)
                0x04009644                __sclose
                0x0400964c                __sseek
                0x040096b4                __swrite
                0x04009730                __sread
 .text          0x04009790       0xbc c:/altera/11.0sp1/nios2eds/bin/gnu/h-i686-mingw32/bin/../lib/gcc/nios2-elf/4.1.2/../../../../nios2-elf/lib\libc.a(lib_a-strcmp.o)
                0x04009790                strcmp
 .text          0x0400984c      0x14c c:/altera/11.0sp1/nios2eds/bin/gnu/h-i686-mingw32/bin/../lib/gcc/nios2-elf/4.1.2/../../../../nios2-elf/lib\libc.a(lib_a-wbuf.o)
                0x0400984c                __swbuf_r
                0x0400997c                __swbuf
 .text          0x04009998       0x78 c:/altera/11.0sp1/nios2eds/bin/gnu/h-i686-mingw32/bin/../lib/gcc/nios2-elf/4.1.2/../../../../nios2-elf/lib\libc.a(lib_a-writer.o)
                0x04009998                _write_r
 .text          0x04009a10       0xb4 c:/altera/11.0sp1/nios2eds/bin/gnu/h-i686-mingw32/bin/../lib/gcc/nios2-elf/4.1.2/../../../../nios2-elf/lib\libc.a(lib_a-callocr.o)
                0x04009a10                _calloc_r
 .text          0x04009ac4       0x70 c:/altera/11.0sp1/nios2eds/bin/gnu/h-i686-mingw32/bin/../lib/gcc/nios2-elf/4.1.2/../../../../nios2-elf/lib\libc.a(lib_a-closer.o)
                0x04009ac4                _close_r
 .text          0x04009b34      0x124 c:/altera/11.0sp1/nios2eds/bin/gnu/h-i686-mingw32/bin/../lib/gcc/nios2-elf/4.1.2/../../../../nios2-elf/lib\libc.a(lib_a-fclose.o)
                0x04009b34                _fclose_r
                0x04009c44                fclose
 .text          0x04009c58       0x74 c:/altera/11.0sp1/nios2eds/bin/gnu/h-i686-mingw32/bin/../lib/gcc/nios2-elf/4.1.2/../../../../nios2-elf/lib\libc.a(lib_a-fstatr.o)
                0x04009c58                _fstat_r
 .text          0x04009ccc        0x0 c:/altera/11.0sp1/nios2eds/bin/gnu/h-i686-mingw32/bin/../lib/gcc/nios2-elf/4.1.2/../../../../nios2-elf/lib\libc.a(lib_a-int_errno.o)
 .text          0x04009ccc       0x70 c:/altera/11.0sp1/nios2eds/bin/gnu/h-i686-mingw32/bin/../lib/gcc/nios2-elf/4.1.2/../../../../nios2-elf/lib\libc.a(lib_a-isattyr.o)
                0x04009ccc                _isatty_r
 .text          0x04009d3c       0x78 c:/altera/11.0sp1/nios2eds/bin/gnu/h-i686-mingw32/bin/../lib/gcc/nios2-elf/4.1.2/../../../../nios2-elf/lib\libc.a(lib_a-lseekr.o)
                0x04009d3c                _lseek_r
 .text          0x04009db4       0x78 c:/altera/11.0sp1/nios2eds/bin/gnu/h-i686-mingw32/bin/../lib/gcc/nios2-elf/4.1.2/../../../../nios2-elf/lib\libc.a(lib_a-readr.o)
                0x04009db4                _read_r
 .text          0x04009e2c      0x5dc c:/altera/11.0sp1/nios2eds/bin/gnu/h-i686-mingw32/bin/../lib/gcc/nios2-elf/4.1.2\libgcc.a(_udivdi3.o)
                0x04009e2c                __udivdi3
 .text          0x0400a408      0x5b0 c:/altera/11.0sp1/nios2eds/bin/gnu/h-i686-mingw32/bin/../lib/gcc/nios2-elf/4.1.2\libgcc.a(_umoddi3.o)
                0x0400a408                __umoddi3
 .text          0x0400a9b8      0x504 c:/altera/11.0sp1/nios2eds/bin/gnu/h-i686-mingw32/bin/../lib/gcc/nios2-elf/4.1.2\libgcc.a(_addsub_df.o)
                0x0400adc8                __subdf3
                0x0400ae48                __adddf3
 .text          0x0400aebc      0x3c4 c:/altera/11.0sp1/nios2eds/bin/gnu/h-i686-mingw32/bin/../lib/gcc/nios2-elf/4.1.2\libgcc.a(_mul_df.o)
                0x0400aebc                __muldf3
 .text          0x0400b280      0x258 c:/altera/11.0sp1/nios2eds/bin/gnu/h-i686-mingw32/bin/../lib/gcc/nios2-elf/4.1.2\libgcc.a(_div_df.o)
                0x0400b280                __divdf3
 .text          0x0400b4d8       0x88 c:/altera/11.0sp1/nios2eds/bin/gnu/h-i686-mingw32/bin/../lib/gcc/nios2-elf/4.1.2\libgcc.a(_eq_df.o)
                0x0400b4d8                __eqdf2
 .text          0x0400b560       0x88 c:/altera/11.0sp1/nios2eds/bin/gnu/h-i686-mingw32/bin/../lib/gcc/nios2-elf/4.1.2\libgcc.a(_ne_df.o)
                0x0400b560                __nedf2
 .text          0x0400b5e8       0x88 c:/altera/11.0sp1/nios2eds/bin/gnu/h-i686-mingw32/bin/../lib/gcc/nios2-elf/4.1.2\libgcc.a(_gt_df.o)
                0x0400b5e8                __gtdf2
 .text          0x0400b670       0x88 c:/altera/11.0sp1/nios2eds/bin/gnu/h-i686-mingw32/bin/../lib/gcc/nios2-elf/4.1.2\libgcc.a(_ge_df.o)
                0x0400b670                __gedf2
 .text          0x0400b6f8       0x88 c:/altera/11.0sp1/nios2eds/bin/gnu/h-i686-mingw32/bin/../lib/gcc/nios2-elf/4.1.2\libgcc.a(_lt_df.o)
                0x0400b6f8                __ltdf2
 .text          0x0400b780       0xf8 c:/altera/11.0sp1/nios2eds/bin/gnu/h-i686-mingw32/bin/../lib/gcc/nios2-elf/4.1.2\libgcc.a(_si_to_df.o)
                0x0400b780                __floatsidf
 .text          0x0400b878       0xd8 c:/altera/11.0sp1/nios2eds/bin/gnu/h-i686-mingw32/bin/../lib/gcc/nios2-elf/4.1.2\libgcc.a(_df_to_si.o)
                0x0400b878                __fixdfsi
 .text          0x0400b950        0x0 c:/altera/11.0sp1/nios2eds/bin/gnu/h-i686-mingw32/bin/../lib/gcc/nios2-elf/4.1.2\libgcc.a(_thenan_df.o)
 .text          0x0400b950      0x194 c:/altera/11.0sp1/nios2eds/bin/gnu/h-i686-mingw32/bin/../lib/gcc/nios2-elf/4.1.2\libgcc.a(_usi_to_df.o)
                0x0400b950                __floatunsidf
 .text          0x0400bae4      0x14c c:/altera/11.0sp1/nios2eds/bin/gnu/h-i686-mingw32/bin/../lib/gcc/nios2-elf/4.1.2\libgcc.a(lib2-divmod.o)
                0x0400bb60                __divsi3
                0x0400bbc0                __modsi3
                0x0400bc20                __udivsi3
                0x0400bc28                __umodsi3
 .text          0x0400bc30       0x98 c:/altera/11.0sp1/nios2eds/bin/gnu/h-i686-mingw32/bin/../lib/gcc/nios2-elf/4.1.2\libgcc.a(_muldi3.o)
                0x0400bc30                __muldi3
 .text          0x0400bcc8        0x0 c:/altera/11.0sp1/nios2eds/bin/gnu/h-i686-mingw32/bin/../lib/gcc/nios2-elf/4.1.2\libgcc.a(_clz.o)
 .text          0x0400bcc8       0x80 c:/altera/11.0sp1/nios2eds/bin/gnu/h-i686-mingw32/bin/../lib/gcc/nios2-elf/4.1.2\libgcc.a(_clzsi2.o)
                0x0400bcc8                __clzsi2
 .text          0x0400bd48      0x314 c:/altera/11.0sp1/nios2eds/bin/gnu/h-i686-mingw32/bin/../lib/gcc/nios2-elf/4.1.2\libgcc.a(_pack_df.o)
                0x0400bd48                __pack_d
 .text          0x0400c05c      0x138 c:/altera/11.0sp1/nios2eds/bin/gnu/h-i686-mingw32/bin/../lib/gcc/nios2-elf/4.1.2\libgcc.a(_unpack_df.o)
                0x0400c05c                __unpack_d
 .text          0x0400c194       0xc8 c:/altera/11.0sp1/nios2eds/bin/gnu/h-i686-mingw32/bin/../lib/gcc/nios2-elf/4.1.2\libgcc.a(_fpcmp_parts_df.o)
                0x0400c194                __fpcmp_parts_d
 .text          0x0400c25c      0x134 ../tcpip_test_bsp/\libucosii_bsp.a(alt_fstat.o)
                0x0400c25c                fstat
 .text          0x0400c390      0x120 ../tcpip_test_bsp/\libucosii_bsp.a(alt_isatty.o)
                0x0400c390                isatty
 .text          0x0400c4b0       0xec ../tcpip_test_bsp/\libucosii_bsp.a(alt_load.o)
                0x0400c4b0                alt_load
 .text          0x0400c59c      0x150 ../tcpip_test_bsp/\libucosii_bsp.a(alt_lseek.o)
                0x0400c59c                lseek
 .text          0x0400c6ec       0xc8 ../tcpip_test_bsp/\libucosii_bsp.a(alt_main.o)
                0x0400c6ec                alt_main
 .text          0x0400c7b4       0xbc ../tcpip_test_bsp/\libucosii_bsp.a(alt_sbrk.o)
                0x0400c7b4                sbrk
 .text          0x0400c870      0x108 ../tcpip_test_bsp/\libucosii_bsp.a(alt_env_lock.o)
                0x0400c870                __env_lock
                0x0400c91c                __env_unlock
 .text          0x0400c978      0x1d8 ../tcpip_test_bsp/\libucosii_bsp.a(alt_malloc_lock.o)
                0x0400c978                __malloc_lock
                0x0400ca80                __malloc_unlock
 .text          0x0400cb50     0x2128 ../tcpip_test_bsp/\libucosii_bsp.a(os_core.o)
                0x0400cb50                OSEventNameGet
                0x0400cc80                OSEventNameSet
                0x0400cdc4                OSEventPendMulti
                0x0400d478                OSInit
                0x0400d4cc                OSIntEnter
                0x0400d548                OSIntExit
                0x0400d648                OSSchedLock
                0x0400d6d4                OSSchedUnlock
                0x0400d7b8                OSStart
                0x0400d828                OSStatInit
                0x0400d8d4                OSTimeTick
                0x0400db14                OSVersion
                0x0400db34                OS_Dummy
                0x0400db50                OS_EventTaskRdy
                0x0400dce4                OS_EventTaskWait
                0x0400ddf4                OS_EventTaskWaitMulti
                0x0400df48                OS_EventTaskRemove
                0x0400e000                OS_EventTaskRemoveMulti
                0x0400e104                OS_EventWaitListInit
                0x0400e4d0                OS_MemClr
                0x0400e524                OS_MemCopy
                0x0400e590                OS_Sched
                0x0400e6d4                OS_StrCopy
                0x0400e754                OS_StrLen
                0x0400e7ac                OS_TaskIdle
                0x0400e808                OS_TaskStat
                0x0400e8d0                OS_TaskStatStkChk
                0x0400e998                OS_TCBInit
 .text          0x0400ec78      0x18c ../tcpip_test_bsp/\libucosii_bsp.a(os_dbg.o)
                0x0400ec78                OSDebugInit
 .text          0x0400ee04     0x193c ../tcpip_test_bsp/\libucosii_bsp.a(os_flag.o)
                0x0400ee04                OSFlagAccept
                0x0400f138                OSFlagCreate
                0x0400f274                OSFlagDel
                0x0400f51c                OSFlagNameGet
                0x0400f660                OSFlagNameSet
                0x0400f7b4                OSFlagPend
                0x0400fdf8                OSFlagPendGetFlagsRdy
                0x0400fe60                OSFlagPost
                0x04010208                OSFlagQuery
                0x040104a0                OS_FlagInit
                0x04010694                OS_FlagUnlink
 .text          0x04010740      0x808 ../tcpip_test_bsp/\libucosii_bsp.a(os_mem.o)
                0x04010740                OSMemCreate
                0x0401095c                OSMemGet
                0x04010a60                OSMemNameGet
                0x04010b6c                OSMemNameSet
                0x04010c8c                OSMemPut
                0x04010d7c                OSMemQuery
                0x04010e78                OS_MemInit
 .text          0x04010f48     0x1334 ../tcpip_test_bsp/\libucosii_bsp.a(os_q.o)
                0x04010f48                OSQAccept
                0x0401109c                OSQCreate
                0x040112b0                OSQDel
                0x040115b0                OSQFlush
                0x04011678                OSQPend
                0x04011998                OSQPendAbort
                0x04011b14                OSQPost
                0x04011c94                OSQPostFront
                0x04011e1c                OSQPostOpt
                0x04012050                OSQQuery
                0x040121d0                OS_QInit
 .text          0x0401227c      0xbc8 ../tcpip_test_bsp/\libucosii_bsp.a(os_sem.o)
                0x0401227c                OSSemAccept
                0x0401233c                OSSemCreate
                0x04012450                OSSemDel
                0x040126f0                OSSemPend
                0x0401296c                OSSemPendAbort
                0x04012ae8                OSSemPost
                0x04012c10                OSSemQuery
                0x04012d40                OSSemSet
 .text          0x04012e44     0x1a40 ../tcpip_test_bsp/\libucosii_bsp.a(os_task.o)
                0x04012e44                OSTaskChangePrio
                0x040133b8                OSTaskCreate
                0x0401358c                OSTaskCreateExt
                0x0401378c                OSTaskDel
                0x04013b98                OSTaskDelReq
                0x04013d08                OSTaskNameGet
                0x04013ec0                OSTaskNameSet
                0x04014084                OSTaskResume
                0x0401429c                OSTaskStkChk
                0x04014498                OSTaskSuspend
                0x040146c4                OSTaskQuery
                0x04014808                OS_TaskStkClr
 .text          0x04014884      0x594 ../tcpip_test_bsp/\libucosii_bsp.a(os_time.o)
                0x04014884                OSTimeDly
                0x040149d0                OSTimeDlyHMSM
                0x04014b40                OSTimeDlyResume
                0x04014d50                OSTimeGet
                0x04014db4                OSTimeSet
 .text          0x04014e18      0x2bc ../tcpip_test_bsp/\libucosii_bsp.a(alt_sys_init.o)
                0x04014e18                alt_irq_init
                0x04014e4c                alt_sys_init
 .text          0x040150d4      0x148 ../tcpip_test_bsp/\libucosii_bsp.a(altera_avalon_jtag_uart_fd.o)
                0x040150d4                altera_avalon_jtag_uart_read_fd
                0x0401512c                altera_avalon_jtag_uart_write_fd
                0x04015184                altera_avalon_jtag_uart_close_fd
                0x040151cc                altera_avalon_jtag_uart_ioctl_fd
 .text          0x0401521c      0x584 ../tcpip_test_bsp/\libucosii_bsp.a(altera_avalon_jtag_uart_init.o)
                0x0401521c                altera_avalon_jtag_uart_init
                0x0401572c                altera_avalon_jtag_uart_close
 .text          0x040157a0       0xf4 ../tcpip_test_bsp/\libucosii_bsp.a(altera_avalon_jtag_uart_ioctl.o)
                0x040157a0                altera_avalon_jtag_uart_ioctl
 .text          0x04015894      0x2c0 ../tcpip_test_bsp/\libucosii_bsp.a(altera_avalon_jtag_uart_read.o)
                0x04015894                altera_avalon_jtag_uart_read
 .text          0x04015b54      0x2dc ../tcpip_test_bsp/\libucosii_bsp.a(altera_avalon_jtag_uart_write.o)
                0x04015b54                altera_avalon_jtag_uart_write
 .text          0x04015e30      0xde4 ../tcpip_test_bsp/\libucosii_bsp.a(altera_avalon_sgdma.o)
                0x04015e30                alt_avalon_sgdma_do_async_transfer
                0x04015f6c                alt_avalon_sgdma_do_sync_transfer
                0x04016090                alt_avalon_sgdma_construct_mem_to_mem_desc
                0x04016100                alt_avalon_sgdma_construct_mem_to_mem_desc_burst
                0x04016180                alt_avalon_sgdma_construct_stream_to_mem_desc
                0x040161d4                alt_avalon_sgdma_construct_stream_to_mem_desc_burst
                0x04016244                alt_avalon_sgdma_construct_mem_to_stream_desc
                0x040162b8                alt_avalon_sgdma_construct_mem_to_stream_desc_burst
                0x0401633c                alt_avalon_sgdma_register_callback
                0x0401638c                alt_avalon_sgdma_start
                0x040163e0                alt_avalon_sgdma_stop
                0x04016438                alt_avalon_sgdma_check_descriptor_status
                0x040164a8                alt_avalon_sgdma_open
                0x04016560                alt_avalon_sgdma_construct_descriptor
                0x040165e8                alt_avalon_sgdma_enable_desc_poll
                0x04016664                alt_avalon_sgdma_disable_desc_poll
                0x040166c0                alt_avalon_sgdma_construct_descriptor_burst
                0x04016b68                alt_avalon_sgdma_init
 .text          0x04016c14      0x100 ../tcpip_test_bsp/\libucosii_bsp.a(altera_avalon_timer_sc.o)
                0x04016c84                alt_avalon_timer_sc_init
 .text          0x04016d14     0x5350 ../tcpip_test_bsp/\libucosii_bsp.a(altera_avalon_tse.o)
                0x04016d14                no_printf
                0x04016d40                tse_mac_initTransInfo2
                0x04016da0                tse_mac_sTxWrite
                0x04016e90                tse_mac_aRxRead
                0x04016f34                tse_mac_SwReset
                0x04016fc8                tse_mac_setMIImode
                0x04017020                tse_mac_setGMIImode
                0x04017074                alt_tse_phy_add_profile
                0x0401724c                alt_tse_system_add_sys
                0x04017c60                alt_tse_sys_enable_mdio_sharing
                0x04017dd8                alt_tse_mac_get_common_speed
                0x04017e18                alt_tse_mac_set_common_speed
                0x04017e60                alt_tse_get_system_index
                0x04017edc                alt_tse_get_mac_group_index
                0x04017f5c                alt_tse_get_mac_info_index
                0x04017fe8                alt_tse_get_mac_info
                0x040180c8                alt_tse_mac_set_speed
                0x040181b4                alt_tse_mac_set_duplex
                0x0401824c                getPHYSpeed
                0x04019064                alt_tse_phy_rd_mdio_addr
                0x040190ac                alt_tse_phy_wr_mdio_addr
                0x04019100                alt_tse_phy_wr_mdio_reg
                0x04019228                alt_tse_phy_rd_mdio_reg
                0x040192ec                alt_tse_phy_add_profile_default
                0x04019564                alt_tse_phy_print_profile
                0x04019754                alt_tse_mac_group_init
                0x04019e60                alt_tse_mac_get_phy
                0x0401a278                alt_tse_mac_associate_phy
                0x0401a4b0                alt_tse_phy_cfg_pcs
                0x0401a5d0                alt_tse_phy_init
                0x0401a6e4                alt_tse_phy_restart_an
                0x0401a894                alt_tse_phy_check_link
                0x0401a9d8                alt_tse_phy_get_cap
                0x0401af18                alt_tse_phy_set_adv_1000
                0x0401b0ac                alt_tse_phy_set_adv_100
                0x0401b2bc                alt_tse_phy_set_adv_10
                0x0401b454                alt_tse_phy_get_common_speed
                0x0401b770                alt_tse_phy_set_common_speed
                0x0401bc54                marvell_phy_cfg
                0x0401bcfc                marvell_cfg_gmii
                0x0401bdf0                marvell_cfg_sgmii
                0x0401bee4                marvell_cfg_rgmii
                0x0401bfe4                DP83848C_link_status_read
 .text          0x0401c064        0x0 ../tcpip_test_bsp/\libucosii_bsp.a(altera_avalon_tse_system_info.o)
 .text          0x0401c064     0x1784 ../tcpip_test_bsp/\libucosii_bsp.a(ins_tse_mac.o)
                0x0401c064                triple_speed_ethernet_init
                0x0401c1c0                prep_tse_mac
                0x0401c424                tse_mac_init
                0x0401cf0c                tse_mac_raw_send
                0x0401d204                tse_sgdmaRx_isr
                0x0401d2ac                tse_sgdma_read_init
                0x0401d454                tse_mac_rcv
                0x0401d6a4                tse_mac_stats
                0x0401d6e4                tse_mac_close
 .text          0x0401d7e8       0x54 ../tcpip_test_bsp/\libucosii_bsp.a(alt_iniche_close.o)
                0x0401d7e8                close
 .text          0x0401d83c      0x144 ../tcpip_test_bsp/\libucosii_bsp.a(alt_iniche_dev.o)
                0x0401d83c                iniche_devices_init
 .text          0x0401d980       0x78 ../tcpip_test_bsp/\libucosii_bsp.a(alt_iniche_read.o)
                0x0401d980                read
 .text          0x0401d9f8       0x70 ../tcpip_test_bsp/\libucosii_bsp.a(alt_iniche_write.o)
                0x0401d9f8                write
 .text          0x0401da68      0xedc ../tcpip_test_bsp/\libucosii_bsp.a(ipnet.o)
                0x0401da68                Netinit
                0x0401e0b4                fixup_subnet_mask
                0x0401e214                netclose
                0x0401e2fc                pktdemux
                0x0401e6d0                c_older
                0x0401e7a0                ip2mac
 .text          0x0401e944      0x4b0 ../tcpip_test_bsp/\libucosii_bsp.a(ipstart.o)
                0x0401e944                ip_startup
                0x0401ec28                exit_hook
                0x0401ec94                ip_exit
                0x0401ed64                if_netnumber
 .text          0x0401edf4     0x101c ../tcpip_test_bsp/\libucosii_bsp.a(igmp_cmn.o)
                0x0401edf4                igmp_init
                0x0401eea4                igmp_input
                0x0401ef9c                igmp_fasttimo
                0x0401f134                igmp_send
                0x0401f3dc                igmp_joingroup
                0x0401f658                igmp_leavegroup
                0x0401f6d4                igmp_validate
                0x0401fa30                igmp_print_stats
 .text          0x0401fe10      0xb40 ../tcpip_test_bsp/\libucosii_bsp.a(bsdsock.o)
                0x0401fe10                bsd_accept
                0x0401ff48                bsd_getpeername
                0x04020074                bsd_getsockname
                0x040201a0                bsd_i_sockoptlen
                0x04020358                bsd_getsockopt
                0x04020478                bsd_ioctl
                0x0402057c                bsd_inet_ntoa
                0x040205ac                bsd_recvfrom
                0x0402070c                bsd_select
                0x04020864                bsd_setsockopt
 .text          0x04020950      0x118 ../tcpip_test_bsp/\libucosii_bsp.a(cksum.o)
                0x04020950                ccksum
                0x04020a00                cksum
 .text          0x04020a68      0xabc ../tcpip_test_bsp/\libucosii_bsp.a(in_utils.o)
                0x04020a68                do_trap
                0x04020a94                nextarg
                0x04020b10                hexdump
                0x04020c58                print_ipad
                0x04020ccc                print_uptime
                0x04020e10                panic
                0x04020e54                print_eth
                0x04020fb8                uslash
                0x04021038                ns_printf
                0x040211bc                std_out
                0x04021200                con_page
                0x040212f8                parse_args
 .text          0x04021524      0x1c8 ../tcpip_test_bsp/\libucosii_bsp.a(netmain.o)
                0x04021524                netmain
                0x04021618                tk_netmain
                0x040216a0                tk_nettick
 .text          0x040216ec      0x5e8 ../tcpip_test_bsp/\libucosii_bsp.a(tk_crnos.o)
                0x040216ec                TK_OSTimeDly
                0x04021718                TK_OSTaskResume
                0x04021788                tcp_sleep
                0x04021928                tcp_wakeup
                0x04021a2c                TK_OSTaskQuery
                0x04021aa0                tk_yield
                0x04021acc                tk_stats
 .text          0x04021cd4     0x2f40 ../tcpip_test_bsp/\libucosii_bsp.a(dhcpclnt.o)
                0x04021cd4                dhc_get_srv_ipaddr
                0x04021d64                dhc_init
                0x04021e20                dhc_set_callback
                0x04021e64                dhc_upcall
                0x04022694                dhc_buildheader
                0x040228b0                dhc_discover
                0x04022dc8                dhc_rx_offer
                0x04022ecc                dhc_request
                0x04023a08                dhc_setip
                0x04023c88                dhc_resetip
                0x04023d6c                dhc_decline
                0x04023f50                dhc_extract_opts
                0x0402420c                dhc_second
                0x040247a8                dhc_halt
                0x04024830                dhc_reclaim
                0x04024a00                dhc_state_init
                0x04024a60                dhc_alldone
                0x04024af0                dhc_ifacedone
                0x04024b64                dhc_set_state
 .text          0x04024c14       0xcc ../tcpip_test_bsp/\libucosii_bsp.a(dhcputil.o)
                0x04024c14                find_opt
 .text          0x04024ce0      0x79c ../tcpip_test_bsp/\libucosii_bsp.a(pktalloc.o)
                0x04024ce0                pk_init
                0x04024f70                pk_alloc
                0x0402504c                pk_validate
                0x04025304                pk_free
                0x040253b0                pk_get_max_intrsafe_buf_len
                0x040253d0                dump_buf_estats
 .text          0x0402547c      0x288 ../tcpip_test_bsp/\libucosii_bsp.a(q.o)
                0x0402547c                getq
                0x04025544                putq
                0x040255f4                qdel
 .text          0x04025704      0x31c ../tcpip_test_bsp/\libucosii_bsp.a(udp_open.o)
                0x04025704                udp_open
                0x0402593c                udp_close
 .text          0x04025a20      0x194 ../tcpip_test_bsp/\libucosii_bsp.a(asm_cksum.o)
                0x04025a20                asm_cksum
 .text          0x04025bb4      0x2a0 ../tcpip_test_bsp/\libucosii_bsp.a(brdutils.o)
                0x04025bb4                dtrap
                0x04025be4                kbhit
                0x04025c90                getch
                0x04025cf0                clock_init
                0x04025d2c                clock_c
                0x04025d48                cticks_hook
                0x04025db4                irq_Mask
                0x04025e10                irq_Unmask
 .text          0x04025e54      0x488 ../tcpip_test_bsp/\libucosii_bsp.a(osportco.o)
                0x04025e54                LOCK_NET_RESOURCE
                0x04025f14                UNLOCK_NET_RESOURCE
                0x04025f9c                TK_NEWTASK
                0x040261b0                wait_app_sem
                0x04026264                post_app_sem
 .text          0x040262dc      0x568 ../tcpip_test_bsp/\libucosii_bsp.a(targnios.o)
                0x040262dc                alt_iniche_init
                0x040264f8                pre_task_setup
                0x0402656c                post_task_setup
                0x0402658c                prep_armintcp
                0x040265c4                calloc2
                0x040265f8                npalloc
                0x040266ec                npfree
                0x040267a4                ncpalloc
                0x040267f8                ncpfree
 .text          0x04026844     0x197c ../tcpip_test_bsp/\libucosii_bsp.a(nptcp.o)
                0x04026844                pffindtype
                0x040268e4                pffindproto
                0x040269b4                m_getnbuf
                0x04026b5c                m_free
                0x04026c90                m_freem
                0x04026cd4                m_copy
                0x04026ff8                m_adj
                0x040271c8                mbuf_len
                0x04027220                dtom
                0x040272c8                remque
                0x04027338                insque
                0x040273b4                nptcp_init
                0x040274d8                tcp_rcv
                0x040276c4                ip_output
                0x04027cbc                in_broadcast
                0x04027cfc                np_stripoptions
                0x04027de4                so_icmpdu
                0x0402813c                tcp_tick
 .text          0x040281c0      0xa2c ../tcpip_test_bsp/\libucosii_bsp.a(rawsock.o)
                0x040281c0                rawip_lookup
                0x04028230                rawip_soinput
                0x04028404                rawip_usrreq
 .text          0x04028bec     0x17fc ../tcpip_test_bsp/\libucosii_bsp.a(sockcall.o)
                0x04028bec                DOMAIN_CHECK
                0x04028c38                t_socket
                0x04028cc8                t_bind
                0x04028e44                t_listen
                0x04028f28                t_accept
                0x040291c0                t_connect
                0x04029468                t_getpeername
                0x040294ac                t_getsockname
                0x040296ec                t_setsockopt
                0x040298c8                t_getsockopt
                0x04029a6c                t_recv
                0x04029b5c                t_recvfrom
                0x04029cac                t_sendto
                0x04029ed8                t_send
                0x0402a100                t_shutdown
                0x0402a1e4                t_socketclose
                0x0402a34c                t_errno
 .text          0x0402a3e8     0x2374 ../tcpip_test_bsp/\libucosii_bsp.a(socket.o)
                0x0402a3e8                socreate
                0x0402a5b4                sobind
                0x0402a610                solisten
                0x0402a700                sofree
                0x0402a830                soclose
                0x0402ab24                soabort
                0x0402ab74                soaccept
                0x0402ac10                soconnect
                0x0402ace4                sodisconnect
                0x0402ad84                sosend
                0x0402b38c                soreceive
                0x0402bb70                soshutdown
                0x0402bc18                sorflush
                0x0402bd18                sosetopt
                0x0402c1d8                sogetopt
                0x0402c718                sohasoutofband
 .text          0x0402c75c     0x1318 ../tcpip_test_bsp/\libucosii_bsp.a(socket2.o)
                0x0402c75c                soisconnecting
                0x0402c7c8                soisconnected
                0x0402c8c4                soisdisconnecting
                0x0402c950                soisdisconnected
                0x0402ca0c                sonewconn
                0x0402cc28                soqinsque
                0x0402ccd4                soqremque
                0x0402cdf4                socantsendmore
                0x0402ce44                socantrcvmore
                0x0402ce94                sbselqueue
                0x0402cecc                sbwait
                0x0402cf34                sbwakeup
                0x0402cfd0                soreserve
                0x0402d050                sbreserve
                0x0402d0b0                sbrelease
                0x0402d0f8                sbappend
                0x0402d1a0                sbappendrecord
                0x0402d280                sbappendaddr
                0x0402d488                sbcompress
                0x0402d670                sbflush
                0x0402d700                sbdrop
                0x0402d8d0                sbdropend
                0x0402d9e0                sbdroprecord
 .text          0x0402da74      0x914 ../tcpip_test_bsp/\libucosii_bsp.a(soselect.o)
                0x0402da74                t_select
                0x0402dc94                sock_selscan
                0x0402ddec                sock_select
                0x0402e000                in_pcbnotify
                0x0402e0cc                tcp_notify
                0x0402e134                ifd_clr
                0x0402e224                ifd_set
                0x0402e298                ifd_isset
                0x0402e318                ifd_get
 .text          0x0402e388     0x2fe8 ../tcpip_test_bsp/\libucosii_bsp.a(tcp_in.o)
                0x0402e388                tcp_reass
                0x0402e790                tcp_input
                0x04030ce4                tcp_dooptions
                0x04030e74                tcp_pulloutofband
                0x04030fa0                tcp_xmit_timer
                0x0403120c                ip4_tcpmss
                0x04031254                tcp_mss
 .text          0x04031370     0x1360 ../tcpip_test_bsp/\libucosii_bsp.a(tcp_out.o)
                0x04031370                tcp_output
                0x040324ec                tcp_setpersist
 .text          0x040326d0      0x9e8 ../tcpip_test_bsp/\libucosii_bsp.a(tcp_subr.o)
                0x040326d0                tcp_init
                0x04032728                tcp_template
                0x04032840                tcp_respond
                0x04032cc8                tcp_newtcpcb
                0x04032de0                tcp_drop
                0x04032e8c                tcp_close
                0x04032f74                tcp_quench
                0x04032fc0                tcp_putseq
                0x04033040                tcp_getseq
 .text          0x040330b8      0x798 ../tcpip_test_bsp/\libucosii_bsp.a(tcp_timr.o)
                0x040330b8                tcp_slowtimo
                0x04033358                tcp_canceltimers
                0x040333b4                tcp_timers
 .text          0x04033850      0x9ec ../tcpip_test_bsp/\libucosii_bsp.a(tcp_usr.o)
                0x04033850                tcp_usrreq
                0x04033f54                tcp_attach
                0x04034088                tcp_disconnect
                0x0403415c                tcp_usrclosed
 .text          0x0403423c       0x4c ../tcpip_test_bsp/\libucosii_bsp.a(tcpport.o)
                0x0403423c                tcpinit
 .text          0x04034288      0xd20 ../tcpip_test_bsp/\libucosii_bsp.a(udpsock.o)
                0x04034288                udp_lookup
                0x040342f8                udp_soinput
                0x040344b0                udp_usrreq
                0x04034734                udp4_sockbind
                0x04034a70                udp4_socksend
                0x04034e4c                udp4_sockaddr
 .text          0x04034fa8      0x154 ../tcpip_test_bsp/\libucosii_bsp.a(alt_alarm_start.o)
                0x04034fa8                alt_alarm_start
 .text          0x040350fc      0x15c ../tcpip_test_bsp/\libucosii_bsp.a(alt_close.o)
                0x040350fc                alt_close
 .text          0x04035258       0x44 ../tcpip_test_bsp/\libucosii_bsp.a(alt_dcache_flush_all.o)
                0x04035258                alt_dcache_flush_all
 .text          0x0403529c       0x2c ../tcpip_test_bsp/\libucosii_bsp.a(alt_dev.o)
 .text          0x040352c8      0x114 ../tcpip_test_bsp/\libucosii_bsp.a(alt_dev_llist_insert.o)
                0x040352c8                alt_dev_llist_insert
 .text          0x040353dc       0x64 ../tcpip_test_bsp/\libucosii_bsp.a(alt_do_ctors.o)
                0x040353dc                _do_ctors
 .text          0x04035440       0x64 ../tcpip_test_bsp/\libucosii_bsp.a(alt_do_dtors.o)
                0x04035440                _do_dtors
 .text          0x040354a4        0x0 ../tcpip_test_bsp/\libucosii_bsp.a(alt_errno.o)
 .text          0x040354a4       0x94 ../tcpip_test_bsp/\libucosii_bsp.a(alt_find_dev.o)
                0x040354a4                alt_find_dev
 .text          0x04035538       0x30 ../tcpip_test_bsp/\libucosii_bsp.a(alt_icache_flush_all.o)
                0x04035538                alt_icache_flush_all
 .text          0x04035568      0x1d4 ../tcpip_test_bsp/\libucosii_bsp.a(alt_iic.o)
                0x04035568                alt_ic_isr_register
                0x040355b8                alt_ic_irq_enable
                0x04035654                alt_ic_irq_disable
                0x040356f4                alt_ic_irq_enabled
 .text          0x0403573c       0xf8 ../tcpip_test_bsp/\libucosii_bsp.a(alt_iic_isr_register.o)
                0x0403573c                alt_iic_isr_register
 .text          0x04035834      0x13c ../tcpip_test_bsp/\libucosii_bsp.a(alt_io_redirect.o)
                0x040358f8                alt_io_redirect
 .text          0x04035970        0x0 ../tcpip_test_bsp/\libucosii_bsp.a(alt_irq_entry.o)
 .text          0x04035970        0x0 ../tcpip_test_bsp/\libucosii_bsp.a(alt_irq_handler.o)
 .text          0x04035970        0x0 ../tcpip_test_bsp/\libucosii_bsp.a(alt_irq_vars.o)
 .text          0x04035970      0x2c4 ../tcpip_test_bsp/\libucosii_bsp.a(alt_open.o)
                0x04035a4c                open
 .text          0x04035c34      0x180 ../tcpip_test_bsp/\libucosii_bsp.a(alt_read.o)
                0x04035c34                alt_read
 .text          0x04035db4       0x60 ../tcpip_test_bsp/\libucosii_bsp.a(alt_release_fd.o)
                0x04035db4                alt_release_fd
 .text          0x04035e14       0x38 ../tcpip_test_bsp/\libucosii_bsp.a(alt_remap_cached.o)
                0x04035e14                alt_remap_cached
 .text          0x04035e4c       0x40 ../tcpip_test_bsp/\libucosii_bsp.a(alt_remap_uncached.o)
                0x04035e4c                alt_remap_uncached
 .text          0x04035e8c      0x1a8 ../tcpip_test_bsp/\libucosii_bsp.a(alt_tick.o)
                0x04035e8c                alt_alarm_stop
                0x04035f24                alt_tick
 .text          0x04036034       0x64 ../tcpip_test_bsp/\libucosii_bsp.a(alt_uncached_malloc.o)
                0x04036034                alt_uncached_malloc
 .text          0x04036098      0x118 ../tcpip_test_bsp/\libucosii_bsp.a(alt_usleep.o)
                0x04036098                usleep
 .text          0x040361b0      0x180 ../tcpip_test_bsp/\libucosii_bsp.a(alt_write.o)
                0x040361b0                alt_write
 .text          0x04036330       0x20 ../tcpip_test_bsp/\libucosii_bsp.a(altera_nios2_irq.o)
                0x04036330                altera_nios2_irq_init
 .text          0x04036350       0xd0 ../tcpip_test_bsp/\libucosii_bsp.a(os_cpu_a.o)
                0x04036350                OSCtxSw
                0x04036350                OSIntCtxSw
                0x040363dc                OSStartHighRdy
                0x040363fc                OSStartTsk
 .text          0x04036420      0x424 ../tcpip_test_bsp/\libucosii_bsp.a(os_cpu_c.o)
                0x04036420                OSTaskStkInit
                0x04036730                OSTaskCreateHook
                0x04036750                OSTaskDelHook
                0x04036770                OSTaskSwHook
                0x0403678c                OSTaskStatHook
                0x040367a8                OSTimeTickHook
                0x040367d0                OSInitHookBegin
                0x040367ec                OSInitHookEnd
                0x04036808                OSTaskIdleHook
                0x04036824                OSTCBInitHook
 .text          0x04036844      0x3d0 ../tcpip_test_bsp/\libucosii_bsp.a(allports.o)
                0x04036844                netmain_init
                0x04036940                icmp_port_du
                0x040369c8                station_state
                0x04036b18                sysuptime
                0x04036b4c                packet_check
                0x04036b98                mcastlist
                0x04036bbc                prep_modules
 .text          0x04036c14      0x46c ../tcpip_test_bsp/\libucosii_bsp.a(timeouts.o)
                0x04036c14                inet_timer
                0x04036e70                in_timerset
                0x04036fd8                in_timerkill
 .text          0x04037080       0xa4 ../tcpip_test_bsp/\libucosii_bsp.a(tk_misc.o)
                0x04037080                create_apptasks
                0x040370a4                task_stats
 .text          0x04037124       0xb0 ../tcpip_test_bsp/\libucosii_bsp.a(alt_iniche_fcntl.o)
                0x04037124                fcntl
 .text          0x040371d4     0x14a0 ../tcpip_test_bsp/\libucosii_bsp.a(et_arp.o)
                0x040371d4                etainit
                0x04037228                et_send
                0x040373a4                arp_free_pending
                0x0403742c                arp_send_pending
                0x040374a0                send_arp
                0x04037938                find_oldest_arp
                0x04037ae0                make_arp_entry
                0x04037bf4                arpReply
                0x04037e88                arprcv
                0x040380e8                send_via_arp
                0x04038290                cb_arpent_tmo
                0x040383a8                grat_arp
 .text          0x04038674      0x298 ../tcpip_test_bsp/\libucosii_bsp.a(iface.o)
                0x04038674                if_getbynum
                0x040386f8                isbcast
                0x040387d8                reg_type
                0x04038874                if_killsocks
 .text          0x0403890c     0x22ac ../tcpip_test_bsp/\libucosii_bsp.a(ip.o)
                0x0403890c                ip_init
                0x04038a08                ip_bldhead
                0x04038bac                ip_write_internal
                0x0403932c                ip_write
                0x04039574                ip_write2
                0x04039924                ip_raw_write
                0x040399fc                ip_fragment_lc
                0x04039e84                ip_fragment
                0x0403a4b0                ip_mymach
                0x0403a55c                ip_dump
                0x0403a814                iproute
                0x0403aa80                ip_copypkt
 .text          0x0403abb8     0x1d90 ../tcpip_test_bsp/\libucosii_bsp.a(ip_reasm.o)
                0x0403abb8                ip_reasm_match_frag_with_ire
                0x0403ac88                ip_reasm_determine_type_of_frag
                0x0403ad74                ip_reasm_check_mem_useage
                0x0403ae0c                ip_reasm_incr_mem_useage
                0x0403aeb4                ip_reasm_decr_mem_useage
                0x0403af54                ip_reasm_process_first_fragment
                0x0403b234                ip_reassm
                0x0403b2d4                ip_reasm_compute_overlap
                0x0403b864                ip_reasm_process_subsequent_fragments
                0x0403bdf8                ip_reasm_find_ire
                0x0403be5c                ip_reasm_copy_queued_fragments_into_reassy_buffer
                0x0403c1b8                ip_reasm_process_timer_tick
                0x0403c29c                ip_reasm_delete_ire
                0x0403c464                ip_reasm_mark_compact_rfq
                0x0403c5ac                ipr_stats
                0x0403c8f4                ip_reasm_send_icmp_timex
 .text          0x0403c948      0xe3c ../tcpip_test_bsp/\libucosii_bsp.a(ipdemux.o)
                0x0403c948                ip_rcv
                0x0403cd48                ip_rcv_phase2
                0x0403d354                ip_demux
 .text          0x0403d784      0x2f0 ../tcpip_test_bsp/\libucosii_bsp.a(ipmc.o)
                0x0403d784                in_addmulti
                0x0403d8ec                in_delmulti
                0x0403da04                lookup_mcast
 .text          0x0403da74       0xe4 ../tcpip_test_bsp/\libucosii_bsp.a(ipport.o)
                0x0403da74                prep_ifaces
                0x0403db08                netexit
                0x0403db30                evtmap_setup
 .text          0x0403db58      0x550 ../tcpip_test_bsp/\libucosii_bsp.a(ipraw.o)
                0x0403db58                ip_raw_open
                0x0403dc48                ip_raw_close
                0x0403dd08                ip_raw_input
                0x0403df40                ip_raw_alloc
                0x0403e00c                ip_raw_free
                0x0403e04c                ip_raw_maxalloc
 .text          0x0403e0a8      0x6f0 ../tcpip_test_bsp/\libucosii_bsp.a(iproute.o)
                0x0403e0a8                rt_lookup
                0x0403e22c                add_route
                0x0403e654                del_route
 .text          0x0403e798      0xe3c ../tcpip_test_bsp/\libucosii_bsp.a(udp.o)
                0x0403e798                udpdemux
                0x0403eff0                udp_send
                0x0403f2a8                udpswap
                0x0403f3d8                udp_socket
                0x0403f4a8                udp_alloc
                0x0403f568                udp_maxalloc
                0x0403f594                udp_free
 .text          0x0403f5d4      0x2f0 ../tcpip_test_bsp/\libucosii_bsp.a(igmp.o)
                0x0403f5d4                igmpv1_input
 .text          0x0403f8c4      0x7c0 ../tcpip_test_bsp/\libucosii_bsp.a(igmp2.o)
                0x0403f8c4                igmpv2_input
                0x0403fa24                igmpv2_process_report
                0x0403fb70                igmpv2_process_query
                0x0403fdbc                igmpv2_chk_set_timer
                0x0403ff14                igmpv2_chk4_rtr_alert_opt
 .text          0x04040084      0x8fc ../tcpip_test_bsp/\libucosii_bsp.a(ipopt.o)
                0x04040084                IPADDR_TO_NETP
                0x040401cc                ip_setmoptions
                0x040407bc                ip_getmoptions
                0x040408fc                ip_freemoptions
 .text          0x04040980      0x6ac ../tcpip_test_bsp/\libucosii_bsp.a(u_mctest.o)
                0x04040980                u_mctest_init
                0x040409b0                u_mctest_run
 .text          0x0404102c      0x388 ../tcpip_test_bsp/\libucosii_bsp.a(dhcsetup.o)
                0x0404102c                dhc_setup
                0x040412b0                dhc_main_ipset
 .text          0x040413b4      0x40c ../tcpip_test_bsp/\libucosii_bsp.a(memdev.o)
                0x040413b4                init_memdev
                0x0404142c                md_fopen
                0x04041454                md_fclose
                0x04041474                md_fread
                0x040415f4                md_fwrite
                0x04041674                md_fseek
                0x040416a0                md_ftell
                0x040416c4                md_fgetc
                0x0404179c                md_unlink
 .text          0x040417c0      0x810 ../tcpip_test_bsp/\libucosii_bsp.a(parseip.o)
                0x040417c0                parse_ipad
                0x04041adc                inet_addr
                0x04041b44                hextoa
                0x04041bb4                inet_pton
                0x04041c60                inet_ntop
                0x04041cec                print46_addr
                0x04041d4c                inet46_addr
                0x04041e10                inet_setport
                0x04041e84                convert_ip
 .text          0x04041fd0      0x1cc ../tcpip_test_bsp/\libucosii_bsp.a(tcpcksum.o)
                0x04041fd0                tcp_cksum
 .text          0x0404219c      0x900 ../tcpip_test_bsp/\libucosii_bsp.a(in_pcb.o)
                0x0404219c                in_pcballoc
                0x04042230                in_pcbdetach
                0x04042284                in_pcbbind
                0x040424d8                in_pcbconnect
                0x040426e8                in_pcbdisconnect
                0x04042748                in_setsockaddr
                0x040427c4                in_setpeeraddr
                0x04042840                in_pcblookup
 .text          0x04042a9c     0x1a74 ../tcpip_test_bsp/\libucosii_bsp.a(vfsfiles.o)
                0x04042a9c                set_vfopen_error
                0x04042ac4                get_vfopen_error
                0x04042ae4                vf_alloc_and_link_vop
                0x04042b60                vf_alloc_buffer
                0x04042c38                vf_free_buffer
                0x04042c88                vfopen_locked
                0x04042ff0                vfopen
                0x04043040                vfclose_locked
                0x040431e8                vfclose
                0x04043228                vfflush
                0x04043270                vfgets
                0x04043354                vfeof
                0x040433ac                vunlink_flag_open_files
                0x04043408                vunlink
                0x04043628                vfread
                0x040437d4                vfwrite_locked
                0x04043bbc                vfwrite
                0x04043c1c                vfseek
                0x04043d98                vftell
                0x04043ecc                vgetc_locked
                0x04043fec                vgetc
                0x04044034                vfslookup_locked
                0x0404416c                vfslookup
                0x040441b4                strippath
                0x0404439c                isvfile_locked
                0x04044400                isvfile
                0x04044448                vferror
                0x040444b4                vclearerr
 .text          0x04044510       0x24 ../tcpip_test_bsp/\libucosii_bsp.a(vfsport.o)
                0x04044510                prep_vfs
 .text          0x04044534      0x12c ../tcpip_test_bsp/\libucosii_bsp.a(alt_busy_sleep.o)
                0x04044534                alt_busy_sleep
 .text          0x04044660       0x78 ../tcpip_test_bsp/\libucosii_bsp.a(alt_dcache_flush.o)
                0x04044660                alt_dcache_flush
 .text          0x040446d8        0x0 ../tcpip_test_bsp/\libucosii_bsp.a(alt_exception_entry.o)
 .text          0x040446d8      0x1b4 ../tcpip_test_bsp/\libucosii_bsp.a(alt_fcntl.o)
                0x040446d8                alt_fcntl
 .text          0x0404488c      0x120 ../tcpip_test_bsp/\libucosii_bsp.a(alt_find_file.o)
                0x0404488c                alt_find_file
 .text          0x040449ac       0xf4 ../tcpip_test_bsp/\libucosii_bsp.a(alt_get_fd.o)
                0x040449ac                alt_get_fd
 .text          0x04044aa0       0x90 ../tcpip_test_bsp/\libucosii_bsp.a(alt_icache_flush.o)
                0x04044aa0                alt_icache_flush
 .text          0x04044b30     0x130c ../tcpip_test_bsp/\libucosii_bsp.a(icmp.o)
                0x04044b30                icmprcv
                0x04045764                icmp_destun
                0x04045ab4                icmp_timex
                0x04045de8                icmp_du
 .text          0x04045e3c       0x14 c:/altera/11.0sp1/nios2eds/bin/gnu/h-i686-mingw32/bin/../lib/gcc/nios2-elf/4.1.2/../../../../nios2-elf/lib\libc.a(lib_a-atexit.o)
                0x04045e3c                atexit
 .text          0x04045e50       0x18 c:/altera/11.0sp1/nios2eds/bin/gnu/h-i686-mingw32/bin/../lib/gcc/nios2-elf/4.1.2/../../../../nios2-elf/lib\libc.a(lib_a-atoi.o)
                0x04045e50                _atoi_r
                0x04045e5c                atoi
 .text          0x04045e68       0x1c c:/altera/11.0sp1/nios2eds/bin/gnu/h-i686-mingw32/bin/../lib/gcc/nios2-elf/4.1.2/../../../../nios2-elf/lib\libc.a(lib_a-calloc.o)
                0x04045e68                calloc
 .text          0x04045e84       0x38 c:/altera/11.0sp1/nios2eds/bin/gnu/h-i686-mingw32/bin/../lib/gcc/nios2-elf/4.1.2/../../../../nios2-elf/lib\libc.a(lib_a-exit.o)
                0x04045e84                exit
 .text          0x04045ebc      0x128 c:/altera/11.0sp1/nios2eds/bin/gnu/h-i686-mingw32/bin/../lib/gcc/nios2-elf/4.1.2/../../../../nios2-elf/lib\libc.a(lib_a-getc.o)
                0x04045ebc                getc
                0x04045f54                _getc_r
 .text          0x04045fe4       0x28 c:/altera/11.0sp1/nios2eds/bin/gnu/h-i686-mingw32/bin/../lib/gcc/nios2-elf/4.1.2/../../../../nios2-elf/lib\libc.a(lib_a-malloc.o)
                0x04045fe4                free
                0x04045ff8                malloc
 .text          0x0404600c       0x74 c:/altera/11.0sp1/nios2eds/bin/gnu/h-i686-mingw32/bin/../lib/gcc/nios2-elf/4.1.2/../../../../nios2-elf/lib\libc.a(lib_a-memcmp.o)
                0x0404600c                memcmp
 .text          0x04046080       0x60 c:/altera/11.0sp1/nios2eds/bin/gnu/h-i686-mingw32/bin/../lib/gcc/nios2-elf/4.1.2/../../../../nios2-elf/lib\libc.a(lib_a-rget.o)
                0x04046080                __srget_r
                0x040460cc                __srget
 .text          0x040460e0       0x8c c:/altera/11.0sp1/nios2eds/bin/gnu/h-i686-mingw32/bin/../lib/gcc/nios2-elf/4.1.2/../../../../nios2-elf/lib\libc.a(lib_a-strcpy.o)
                0x040460e0                strcpy
 .text          0x0404616c       0xf0 c:/altera/11.0sp1/nios2eds/bin/gnu/h-i686-mingw32/bin/../lib/gcc/nios2-elf/4.1.2/../../../../nios2-elf/lib\libc.a(lib_a-strncmp.o)
                0x0404616c                strncmp
 .text          0x0404625c       0xbc c:/altera/11.0sp1/nios2eds/bin/gnu/h-i686-mingw32/bin/../lib/gcc/nios2-elf/4.1.2/../../../../nios2-elf/lib\libc.a(lib_a-strncpy.o)
                0x0404625c                strncpy
 .text          0x04046318      0x268 c:/altera/11.0sp1/nios2eds/bin/gnu/h-i686-mingw32/bin/../lib/gcc/nios2-elf/4.1.2/../../../../nios2-elf/lib\libc.a(lib_a-strtol.o)
                0x04046318                _strtol_r
                0x0404655c                strtol
 .text          0x04046580       0x34 c:/altera/11.0sp1/nios2eds/bin/gnu/h-i686-mingw32/bin/../lib/gcc/nios2-elf/4.1.2/../../../../nios2-elf/lib\libc.a(lib_a-vprintf.o)
                0x04046580                _vprintf_r
                0x04046594                vprintf
 .text          0x040465b4       0x74 c:/altera/11.0sp1/nios2eds/bin/gnu/h-i686-mingw32/bin/../lib/gcc/nios2-elf/4.1.2/../../../../nios2-elf/lib\libc.a(lib_a-vsprintf.o)
                0x040465b4                _vsprintf_r
                0x04046604                vsprintf
 .text          0x04046628      0x134 c:/altera/11.0sp1/nios2eds/bin/gnu/h-i686-mingw32/bin/../lib/gcc/nios2-elf/4.1.2/../../../../nios2-elf/lib\libc.a(lib_a-__atexit.o)
                0x04046628                __register_exitproc
 .text          0x0404675c      0x1b4 c:/altera/11.0sp1/nios2eds/bin/gnu/h-i686-mingw32/bin/../lib/gcc/nios2-elf/4.1.2/../../../../nios2-elf/lib\libc.a(lib_a-__call_atexit.o)
                0x04046760                __call_exitprocs
 .text          0x04046910      0x1e0 c:/altera/11.0sp1/nios2eds/bin/gnu/h-i686-mingw32/bin/../lib/gcc/nios2-elf/4.1.2/../../../../nios2-elf/lib\libc.a(lib_a-refill.o)
                0x04046910                __srefill_r
 .text          0x04046af0       0x6c ../tcpip_test_bsp/\libucosii_bsp.a(alt_exit.o)
                0x04046b30                _exit
 *(.gnu.warning.*)
 *(.fini)
                0x04046b5c                PROVIDE (__etext, ABSOLUTE (.))
                0x04046b5c                PROVIDE (_etext, ABSOLUTE (.))
                0x04046b5c                PROVIDE (etext, ABSOLUTE (.))
 *(.eh_frame_hdr)
                0x04046b5c                . = ALIGN (0x4)
                0x04046b5c                PROVIDE (__preinit_array_start, ABSOLUTE (.))
 *(.preinit_array)
                0x04046b5c                PROVIDE (__preinit_array_end, ABSOLUTE (.))
                0x04046b5c                PROVIDE (__init_array_start, ABSOLUTE (.))
 *(.init_array)
                0x04046b5c                PROVIDE (__init_array_end, ABSOLUTE (.))
                0x04046b5c                PROVIDE (__fini_array_start, ABSOLUTE (.))
 *(.fini_array)
                0x04046b5c                PROVIDE (__fini_array_end, ABSOLUTE (.))
 *(.eh_frame)
 .eh_frame      0x04046b5c       0x40 c:/altera/11.0sp1/nios2eds/bin/gnu/h-i686-mingw32/bin/../lib/gcc/nios2-elf/4.1.2\libgcc.a(_udivdi3.o)
 .eh_frame      0x04046b9c       0x2c c:/altera/11.0sp1/nios2eds/bin/gnu/h-i686-mingw32/bin/../lib/gcc/nios2-elf/4.1.2\libgcc.a(_umoddi3.o)
                                 0x40 (size before relaxing)
 *(.gcc_except_table)
 *(.dynamic)
                0x04046bc8                PROVIDE (__CTOR_LIST__, ABSOLUTE (.))
 *(.ctors)
 *(SORT(.ctors.*))
 .ctors.65535   0x04046bc8        0x4 c:/altera/11.0sp1/nios2eds/bin/gnu/h-i686-mingw32/bin/../lib/gcc/nios2-elf/4.1.2/../../../../nios2-elf/lib\libc.a(lib_a-__call_atexit.o)
                0x04046bcc                PROVIDE (__CTOR_END__, ABSOLUTE (.))
                0x04046bcc                PROVIDE (__DTOR_LIST__, ABSOLUTE (.))
 *(.dtors)
 *(SORT(.dtors.*))
                0x04046bcc                PROVIDE (__DTOR_END__, ABSOLUTE (.))
 *(.jcr)
                0x04046bcc                . = ALIGN (0x4)

.rodata         0x04046bcc     0x5e6c
                0x04046bcc                PROVIDE (__ram_rodata_start, ABSOLUTE (.))
                0x04046bcc                . = ALIGN (0x4)
 *(.rodata .rodata.* .gnu.linkonce.r.*)
 .rodata        0x04046bcc      0xba4 obj/alt_error_handler.o
 .rodata        0x04047770       0x3c obj/iniche_init.o
 .rodata        0x040477ac       0x24 obj/led.o
 .rodata        0x040477d0       0x3c obj/network_utilities.o
 .rodata        0x0404780c      0x2b4 obj/simple_socket_server.o
 .rodata        0x04047ac0       0x70 obj/tse_my_system.o
 .rodata        0x04047b30      0x281 c:/altera/11.0sp1/nios2eds/bin/gnu/h-i686-mingw32/bin/../lib/gcc/nios2-elf/4.1.2/../../../../nios2-elf/lib\libc.a(lib_a-ctype_.o)
                0x04047b30                _ctype_
 *fill*         0x04047db1        0x3 00
 .rodata.str1.4
                0x04047db4        0x2 c:/altera/11.0sp1/nios2eds/bin/gnu/h-i686-mingw32/bin/../lib/gcc/nios2-elf/4.1.2/../../../../nios2-elf/lib\libc.a(lib_a-impure.o)
                                  0x4 (size before relaxing)
 *fill*         0x04047db6        0x2 00
 .rodata.str1.4
                0x04047db8        0x3 c:/altera/11.0sp1/nios2eds/bin/gnu/h-i686-mingw32/bin/../lib/gcc/nios2-elf/4.1.2/../../../../nios2-elf/lib\libc.a(lib_a-perror.o)
                                  0x4 (size before relaxing)
 *fill*         0x04047dbb        0x1 00
 .rodata.str1.4
                0x04047dbc        0x2 c:/altera/11.0sp1/nios2eds/bin/gnu/h-i686-mingw32/bin/../lib/gcc/nios2-elf/4.1.2/../../../../nios2-elf/lib\libc.a(lib_a-puts.o)
                                  0x4 (size before relaxing)
 *fill*         0x04047dbe        0x2 00
 .rodata.str1.4
                0x04047dc0      0x7a2 c:/altera/11.0sp1/nios2eds/bin/gnu/h-i686-mingw32/bin/../lib/gcc/nios2-elf/4.1.2/../../../../nios2-elf/lib\libc.a(lib_a-strerror.o)
                                0x7a8 (size before relaxing)
 *fill*         0x04048562        0x2 00
 .rodata.str1.4
                0x04048564       0x5e c:/altera/11.0sp1/nios2eds/bin/gnu/h-i686-mingw32/bin/../lib/gcc/nios2-elf/4.1.2/../../../../nios2-elf/lib\libc.a(lib_a-vfprintf.o)
                                 0x60 (size before relaxing)
 .rodata        0x040485c2       0x20 c:/altera/11.0sp1/nios2eds/bin/gnu/h-i686-mingw32/bin/../lib/gcc/nios2-elf/4.1.2/../../../../nios2-elf/lib\libc.a(lib_a-vfprintf.o)
 *fill*         0x040485e2        0x2 00
 .rodata.str1.4
                0x040485e4       0x10 c:/altera/11.0sp1/nios2eds/bin/gnu/h-i686-mingw32/bin/../lib/gcc/nios2-elf/4.1.2/../../../../nios2-elf/lib\libc.a(lib_a-dtoa.o)
                                 0x14 (size before relaxing)
 .rodata.str1.4
                0x040485f4       0x10 c:/altera/11.0sp1/nios2eds/bin/gnu/h-i686-mingw32/bin/../lib/gcc/nios2-elf/4.1.2/../../../../nios2-elf/lib\libc.a(lib_a-locale.o)
                                 0x18 (size before relaxing)
 .rodata        0x04048604       0x30 c:/altera/11.0sp1/nios2eds/bin/gnu/h-i686-mingw32/bin/../lib/gcc/nios2-elf/4.1.2/../../../../nios2-elf/lib\libc.a(lib_a-locale.o)
 .rodata        0x04048634      0x124 c:/altera/11.0sp1/nios2eds/bin/gnu/h-i686-mingw32/bin/../lib/gcc/nios2-elf/4.1.2/../../../../nios2-elf/lib\libc.a(lib_a-mprec.o)
                0x04048634                __mprec_tens
                0x040486fc                __mprec_bigtens
                0x04048724                __mprec_tinytens
 .rodata        0x04048758       0x14 c:/altera/11.0sp1/nios2eds/bin/gnu/h-i686-mingw32/bin/../lib/gcc/nios2-elf/4.1.2\libgcc.a(_thenan_df.o)
                0x04048758                __thenan_df
 .rodata        0x0404876c      0x100 c:/altera/11.0sp1/nios2eds/bin/gnu/h-i686-mingw32/bin/../lib/gcc/nios2-elf/4.1.2\libgcc.a(_clz.o)
                0x0404876c                __clz_tab
 .rodata        0x0404886c       0x10 ../tcpip_test_bsp/\libucosii_bsp.a(alt_main.o)
 .rodata        0x0404887c      0x120 ../tcpip_test_bsp/\libucosii_bsp.a(os_core.o)
                0x0404887c                OSUnMapTbl
 .rodata        0x0404899c       0x40 ../tcpip_test_bsp/\libucosii_bsp.a(alt_sys_init.o)
 .rodata        0x040489dc     0x1cc0 ../tcpip_test_bsp/\libucosii_bsp.a(altera_avalon_tse.o)
 .rodata        0x0404a69c      0x374 ../tcpip_test_bsp/\libucosii_bsp.a(ins_tse_mac.o)
 .rodata        0x0404aa10       0xd8 ../tcpip_test_bsp/\libucosii_bsp.a(ipnet.o)
 .rodata        0x0404aae8       0xec ../tcpip_test_bsp/\libucosii_bsp.a(ipstart.o)
 .rodata        0x0404abd4      0x54c ../tcpip_test_bsp/\libucosii_bsp.a(igmp_cmn.o)
 .rodata        0x0404b120       0xb8 ../tcpip_test_bsp/\libucosii_bsp.a(in_utils.o)
 .rodata        0x0404b1d8       0x34 ../tcpip_test_bsp/\libucosii_bsp.a(netmain.o)
 .rodata        0x0404b20c      0x1a8 ../tcpip_test_bsp/\libucosii_bsp.a(tk_crnos.o)
 .rodata        0x0404b3b4        0x8 ../tcpip_test_bsp/\libucosii_bsp.a(dhcpclnt.o)
 .rodata        0x0404b3bc      0x118 ../tcpip_test_bsp/\libucosii_bsp.a(pktalloc.o)
 .rodata        0x0404b4d4       0x84 ../tcpip_test_bsp/\libucosii_bsp.a(udp_open.o)
 .rodata        0x0404b558       0x2c ../tcpip_test_bsp/\libucosii_bsp.a(brdutils.o)
 .rodata        0x0404b584      0x26c ../tcpip_test_bsp/\libucosii_bsp.a(osportco.o)
 .rodata        0x0404b7f0       0xa0 ../tcpip_test_bsp/\libucosii_bsp.a(targnios.o)
 .rodata        0x0404b890       0x90 ../tcpip_test_bsp/\libucosii_bsp.a(nptcp.o)
 .rodata        0x0404b920        0x8 ../tcpip_test_bsp/\libucosii_bsp.a(sockcall.o)
 .rodata        0x0404b928       0x50 ../tcpip_test_bsp/\libucosii_bsp.a(socket.o)
 .rodata        0x0404b978       0x40 ../tcpip_test_bsp/\libucosii_bsp.a(socket2.o)
 .rodata        0x0404b9b8       0x20 ../tcpip_test_bsp/\libucosii_bsp.a(tcp_in.o)
 .rodata        0x0404b9d8       0x40 ../tcpip_test_bsp/\libucosii_bsp.a(tcp_out.o)
 .rodata        0x0404ba18       0x24 ../tcpip_test_bsp/\libucosii_bsp.a(tcp_subr.o)
 .rodata        0x0404ba3c       0x2c ../tcpip_test_bsp/\libucosii_bsp.a(tcp_usr.o)
 .rodata        0x0404ba68        0xc ../tcpip_test_bsp/\libucosii_bsp.a(alt_dev.o)
 .rodata        0x0404ba74        0x4 ../tcpip_test_bsp/\libucosii_bsp.a(os_cpu_c.o)
 .rodata        0x0404ba78      0x1d4 ../tcpip_test_bsp/\libucosii_bsp.a(allports.o)
 .rodata        0x0404bc4c       0x34 ../tcpip_test_bsp/\libucosii_bsp.a(tk_misc.o)
 .rodata        0x0404bc80       0x44 ../tcpip_test_bsp/\libucosii_bsp.a(et_arp.o)
 .rodata        0x0404bcc4      0x1dc ../tcpip_test_bsp/\libucosii_bsp.a(ip.o)
 .rodata        0x0404bea0      0x158 ../tcpip_test_bsp/\libucosii_bsp.a(ip_reasm.o)
 .rodata        0x0404bff8      0x120 ../tcpip_test_bsp/\libucosii_bsp.a(ipdemux.o)
 .rodata        0x0404c118       0x34 ../tcpip_test_bsp/\libucosii_bsp.a(ipport.o)
 .rodata        0x0404c14c       0x24 ../tcpip_test_bsp/\libucosii_bsp.a(ipraw.o)
 .rodata        0x0404c170       0x38 ../tcpip_test_bsp/\libucosii_bsp.a(iproute.o)
 .rodata        0x0404c1a8       0xe8 ../tcpip_test_bsp/\libucosii_bsp.a(udp.o)
 .rodata        0x0404c290      0x2d0 ../tcpip_test_bsp/\libucosii_bsp.a(u_mctest.o)
 .rodata        0x0404c560       0xf8 ../tcpip_test_bsp/\libucosii_bsp.a(dhcsetup.o)
 .rodata        0x0404c658       0x94 ../tcpip_test_bsp/\libucosii_bsp.a(parseip.o)
 .rodata        0x0404c6ec       0x34 ../tcpip_test_bsp/\libucosii_bsp.a(vfsfiles.o)
 .rodata        0x0404c720      0x318 ../tcpip_test_bsp/\libucosii_bsp.a(icmp.o)
 *(.rodata1)
                0x0404ca38                . = ALIGN (0x4)
                0x0404ca38                PROVIDE (__ram_rodata_end, ABSOLUTE (.))
                0x04046bcc                PROVIDE (__flash_rodata_start, LOADADDR (.rodata))

.rwdata         0x0404ca38     0x1e0c load address 0x0404e844
                0x0404ca38                PROVIDE (__ram_rwdata_start, ABSOLUTE (.))
                0x0404ca38                . = ALIGN (0x4)
 *(.got.plt)
 *(.got)
 *(.data1)
 *(.data .data.* .gnu.linkonce.d.*)
 .data          0x0404ca38        0x0 ../tcpip_test_bsp//obj/HAL/src/crt0.o
 .data          0x0404ca38        0x0 obj/alt_error_handler.o
 .data          0x0404ca38       0x18 obj/iniche_init.o
                0x0404ca38                ssstask
 .data          0x0404ca50        0x0 obj/led.o
 .data          0x0404ca50        0x0 obj/network_utilities.o
 .data          0x0404ca50        0x0 obj/simple_socket_server.o
 .data          0x0404ca50        0x0 obj/tse_my_system.o
 .data          0x0404ca50        0x0 c:/altera/11.0sp1/nios2eds/bin/gnu/h-i686-mingw32/bin/../lib/gcc/nios2-elf/4.1.2/../../../../nios2-elf/lib\libc.a(lib_a-ctype_.o)
 .data          0x0404ca50        0x0 c:/altera/11.0sp1/nios2eds/bin/gnu/h-i686-mingw32/bin/../lib/gcc/nios2-elf/4.1.2/../../../../nios2-elf/lib\libc.a(lib_a-fprintf.o)
 .data          0x0404ca50        0x0 c:/altera/11.0sp1/nios2eds/bin/gnu/h-i686-mingw32/bin/../lib/gcc/nios2-elf/4.1.2/../../../../nios2-elf/lib\libc.a(lib_a-fwrite.o)
 .data          0x0404ca50      0x400 c:/altera/11.0sp1/nios2eds/bin/gnu/h-i686-mingw32/bin/../lib/gcc/nios2-elf/4.1.2/../../../../nios2-elf/lib\libc.a(lib_a-impure.o)
 .data          0x0404ce50        0x0 c:/altera/11.0sp1/nios2eds/bin/gnu/h-i686-mingw32/bin/../lib/gcc/nios2-elf/4.1.2/../../../../nios2-elf/lib\libc.a(lib_a-memcpy.o)
 .data          0x0404ce50        0x0 c:/altera/11.0sp1/nios2eds/bin/gnu/h-i686-mingw32/bin/../lib/gcc/nios2-elf/4.1.2/../../../../nios2-elf/lib\libc.a(lib_a-memmove.o)
 .data          0x0404ce50        0x0 c:/altera/11.0sp1/nios2eds/bin/gnu/h-i686-mingw32/bin/../lib/gcc/nios2-elf/4.1.2/../../../../nios2-elf/lib\libc.a(lib_a-memset.o)
 .data          0x0404ce50        0x0 c:/altera/11.0sp1/nios2eds/bin/gnu/h-i686-mingw32/bin/../lib/gcc/nios2-elf/4.1.2/../../../../nios2-elf/lib\libc.a(lib_a-perror.o)
 .data          0x0404ce50        0x0 c:/altera/11.0sp1/nios2eds/bin/gnu/h-i686-mingw32/bin/../lib/gcc/nios2-elf/4.1.2/../../../../nios2-elf/lib\libc.a(lib_a-printf.o)
 .data          0x0404ce50        0x0 c:/altera/11.0sp1/nios2eds/bin/gnu/h-i686-mingw32/bin/../lib/gcc/nios2-elf/4.1.2/../../../../nios2-elf/lib\libc.a(lib_a-puts.o)
 .data          0x0404ce50        0x0 c:/altera/11.0sp1/nios2eds/bin/gnu/h-i686-mingw32/bin/../lib/gcc/nios2-elf/4.1.2/../../../../nios2-elf/lib\libc.a(lib_a-sprintf.o)
 .data          0x0404ce50        0x0 c:/altera/11.0sp1/nios2eds/bin/gnu/h-i686-mingw32/bin/../lib/gcc/nios2-elf/4.1.2/../../../../nios2-elf/lib\libc.a(lib_a-strchr.o)
 .data          0x0404ce50        0x0 c:/altera/11.0sp1/nios2eds/bin/gnu/h-i686-mingw32/bin/../lib/gcc/nios2-elf/4.1.2/../../../../nios2-elf/lib\libc.a(lib_a-strerror.o)
 .data          0x0404ce50        0x0 c:/altera/11.0sp1/nios2eds/bin/gnu/h-i686-mingw32/bin/../lib/gcc/nios2-elf/4.1.2/../../../../nios2-elf/lib\libc.a(lib_a-strlen.o)
 .data          0x0404ce50        0x0 c:/altera/11.0sp1/nios2eds/bin/gnu/h-i686-mingw32/bin/../lib/gcc/nios2-elf/4.1.2/../../../../nios2-elf/lib\libc.a(lib_a-u_strerr.o)
 .data          0x0404ce50        0x0 c:/altera/11.0sp1/nios2eds/bin/gnu/h-i686-mingw32/bin/../lib/gcc/nios2-elf/4.1.2/../../../../nios2-elf/lib\libc.a(lib_a-vfprintf.o)
 .data          0x0404ce50        0x0 c:/altera/11.0sp1/nios2eds/bin/gnu/h-i686-mingw32/bin/../lib/gcc/nios2-elf/4.1.2/../../../../nios2-elf/lib\libc.a(lib_a-wsetup.o)
 .data          0x0404ce50        0x0 c:/altera/11.0sp1/nios2eds/bin/gnu/h-i686-mingw32/bin/../lib/gcc/nios2-elf/4.1.2/../../../../nios2-elf/lib\libc.a(lib_a-dtoa.o)
 .data          0x0404ce50        0x0 c:/altera/11.0sp1/nios2eds/bin/gnu/h-i686-mingw32/bin/../lib/gcc/nios2-elf/4.1.2/../../../../nios2-elf/lib\libc.a(lib_a-fflush.o)
 .data          0x0404ce50        0x0 c:/altera/11.0sp1/nios2eds/bin/gnu/h-i686-mingw32/bin/../lib/gcc/nios2-elf/4.1.2/../../../../nios2-elf/lib\libc.a(lib_a-findfp.o)
 .data          0x0404ce50        0x0 c:/altera/11.0sp1/nios2eds/bin/gnu/h-i686-mingw32/bin/../lib/gcc/nios2-elf/4.1.2/../../../../nios2-elf/lib\libc.a(lib_a-fputc.o)
 .data          0x0404ce50        0x0 c:/altera/11.0sp1/nios2eds/bin/gnu/h-i686-mingw32/bin/../lib/gcc/nios2-elf/4.1.2/../../../../nios2-elf/lib\libc.a(lib_a-fputs.o)
 .data          0x0404ce50        0x0 c:/altera/11.0sp1/nios2eds/bin/gnu/h-i686-mingw32/bin/../lib/gcc/nios2-elf/4.1.2/../../../../nios2-elf/lib\libc.a(lib_a-freer.o)
 .data          0x0404ce50        0x0 c:/altera/11.0sp1/nios2eds/bin/gnu/h-i686-mingw32/bin/../lib/gcc/nios2-elf/4.1.2/../../../../nios2-elf/lib\libc.a(lib_a-fvwrite.o)
 .data          0x0404ce50        0x0 c:/altera/11.0sp1/nios2eds/bin/gnu/h-i686-mingw32/bin/../lib/gcc/nios2-elf/4.1.2/../../../../nios2-elf/lib\libc.a(lib_a-fwalk.o)
 .data          0x0404ce50        0xc c:/altera/11.0sp1/nios2eds/bin/gnu/h-i686-mingw32/bin/../lib/gcc/nios2-elf/4.1.2/../../../../nios2-elf/lib\libc.a(lib_a-locale.o)
                0x0404ce50                __lc_ctype
 .data          0x0404ce5c        0x0 c:/altera/11.0sp1/nios2eds/bin/gnu/h-i686-mingw32/bin/../lib/gcc/nios2-elf/4.1.2/../../../../nios2-elf/lib\libc.a(lib_a-makebuf.o)
 .data          0x0404ce5c      0x408 c:/altera/11.0sp1/nios2eds/bin/gnu/h-i686-mingw32/bin/../lib/gcc/nios2-elf/4.1.2/../../../../nios2-elf/lib\libc.a(lib_a-mallocr.o)
                0x0404ce5c                __malloc_av_
 .data          0x0404d264        0x0 c:/altera/11.0sp1/nios2eds/bin/gnu/h-i686-mingw32/bin/../lib/gcc/nios2-elf/4.1.2/../../../../nios2-elf/lib\libc.a(lib_a-memchr.o)
 .data          0x0404d264        0x0 c:/altera/11.0sp1/nios2eds/bin/gnu/h-i686-mingw32/bin/../lib/gcc/nios2-elf/4.1.2/../../../../nios2-elf/lib\libc.a(lib_a-mprec.o)
 .data          0x0404d264        0x0 c:/altera/11.0sp1/nios2eds/bin/gnu/h-i686-mingw32/bin/../lib/gcc/nios2-elf/4.1.2/../../../../nios2-elf/lib\libc.a(lib_a-putc.o)
 .data          0x0404d264        0x0 c:/altera/11.0sp1/nios2eds/bin/gnu/h-i686-mingw32/bin/../lib/gcc/nios2-elf/4.1.2/../../../../nios2-elf/lib\libc.a(lib_a-reallocr.o)
 .data          0x0404d264        0x0 c:/altera/11.0sp1/nios2eds/bin/gnu/h-i686-mingw32/bin/../lib/gcc/nios2-elf/4.1.2/../../../../nios2-elf/lib\libc.a(lib_a-s_isinfd.o)
 .data          0x0404d264        0x0 c:/altera/11.0sp1/nios2eds/bin/gnu/h-i686-mingw32/bin/../lib/gcc/nios2-elf/4.1.2/../../../../nios2-elf/lib\libc.a(lib_a-s_isnand.o)
 .data          0x0404d264        0x0 c:/altera/11.0sp1/nios2eds/bin/gnu/h-i686-mingw32/bin/../lib/gcc/nios2-elf/4.1.2/../../../../nios2-elf/lib\libc.a(lib_a-sbrkr.o)
 .data          0x0404d264        0x0 c:/altera/11.0sp1/nios2eds/bin/gnu/h-i686-mingw32/bin/../lib/gcc/nios2-elf/4.1.2/../../../../nios2-elf/lib\libc.a(lib_a-stdio.o)
 .data          0x0404d264        0x0 c:/altera/11.0sp1/nios2eds/bin/gnu/h-i686-mingw32/bin/../lib/gcc/nios2-elf/4.1.2/../../../../nios2-elf/lib\libc.a(lib_a-strcmp.o)
 .data          0x0404d264        0x0 c:/altera/11.0sp1/nios2eds/bin/gnu/h-i686-mingw32/bin/../lib/gcc/nios2-elf/4.1.2/../../../../nios2-elf/lib\libc.a(lib_a-wbuf.o)
 .data          0x0404d264        0x0 c:/altera/11.0sp1/nios2eds/bin/gnu/h-i686-mingw32/bin/../lib/gcc/nios2-elf/4.1.2/../../../../nios2-elf/lib\libc.a(lib_a-writer.o)
 .data          0x0404d264        0x0 c:/altera/11.0sp1/nios2eds/bin/gnu/h-i686-mingw32/bin/../lib/gcc/nios2-elf/4.1.2/../../../../nios2-elf/lib\libc.a(lib_a-callocr.o)
 .data          0x0404d264        0x0 c:/altera/11.0sp1/nios2eds/bin/gnu/h-i686-mingw32/bin/../lib/gcc/nios2-elf/4.1.2/../../../../nios2-elf/lib\libc.a(lib_a-closer.o)
 .data          0x0404d264        0x0 c:/altera/11.0sp1/nios2eds/bin/gnu/h-i686-mingw32/bin/../lib/gcc/nios2-elf/4.1.2/../../../../nios2-elf/lib\libc.a(lib_a-fclose.o)
 .data          0x0404d264        0x0 c:/altera/11.0sp1/nios2eds/bin/gnu/h-i686-mingw32/bin/../lib/gcc/nios2-elf/4.1.2/../../../../nios2-elf/lib\libc.a(lib_a-fstatr.o)
 .data          0x0404d264        0x0 c:/altera/11.0sp1/nios2eds/bin/gnu/h-i686-mingw32/bin/../lib/gcc/nios2-elf/4.1.2/../../../../nios2-elf/lib\libc.a(lib_a-int_errno.o)
 .data          0x0404d264        0x0 c:/altera/11.0sp1/nios2eds/bin/gnu/h-i686-mingw32/bin/../lib/gcc/nios2-elf/4.1.2/../../../../nios2-elf/lib\libc.a(lib_a-isattyr.o)
 .data          0x0404d264        0x0 c:/altera/11.0sp1/nios2eds/bin/gnu/h-i686-mingw32/bin/../lib/gcc/nios2-elf/4.1.2/../../../../nios2-elf/lib\libc.a(lib_a-lseekr.o)
 .data          0x0404d264        0x0 c:/altera/11.0sp1/nios2eds/bin/gnu/h-i686-mingw32/bin/../lib/gcc/nios2-elf/4.1.2/../../../../nios2-elf/lib\libc.a(lib_a-readr.o)
 .data          0x0404d264        0x0 c:/altera/11.0sp1/nios2eds/bin/gnu/h-i686-mingw32/bin/../lib/gcc/nios2-elf/4.1.2\libgcc.a(_udivdi3.o)
 .data          0x0404d264        0x0 c:/altera/11.0sp1/nios2eds/bin/gnu/h-i686-mingw32/bin/../lib/gcc/nios2-elf/4.1.2\libgcc.a(_umoddi3.o)
 .data          0x0404d264        0x0 c:/altera/11.0sp1/nios2eds/bin/gnu/h-i686-mingw32/bin/../lib/gcc/nios2-elf/4.1.2\libgcc.a(_addsub_df.o)
 .data          0x0404d264        0x0 c:/altera/11.0sp1/nios2eds/bin/gnu/h-i686-mingw32/bin/../lib/gcc/nios2-elf/4.1.2\libgcc.a(_mul_df.o)
 .data          0x0404d264        0x0 c:/altera/11.0sp1/nios2eds/bin/gnu/h-i686-mingw32/bin/../lib/gcc/nios2-elf/4.1.2\libgcc.a(_div_df.o)
 .data          0x0404d264        0x0 c:/altera/11.0sp1/nios2eds/bin/gnu/h-i686-mingw32/bin/../lib/gcc/nios2-elf/4.1.2\libgcc.a(_eq_df.o)
 .data          0x0404d264        0x0 c:/altera/11.0sp1/nios2eds/bin/gnu/h-i686-mingw32/bin/../lib/gcc/nios2-elf/4.1.2\libgcc.a(_ne_df.o)
 .data          0x0404d264        0x0 c:/altera/11.0sp1/nios2eds/bin/gnu/h-i686-mingw32/bin/../lib/gcc/nios2-elf/4.1.2\libgcc.a(_gt_df.o)
 .data          0x0404d264        0x0 c:/altera/11.0sp1/nios2eds/bin/gnu/h-i686-mingw32/bin/../lib/gcc/nios2-elf/4.1.2\libgcc.a(_ge_df.o)
 .data          0x0404d264        0x0 c:/altera/11.0sp1/nios2eds/bin/gnu/h-i686-mingw32/bin/../lib/gcc/nios2-elf/4.1.2\libgcc.a(_lt_df.o)
 .data          0x0404d264        0x0 c:/altera/11.0sp1/nios2eds/bin/gnu/h-i686-mingw32/bin/../lib/gcc/nios2-elf/4.1.2\libgcc.a(_si_to_df.o)
 .data          0x0404d264        0x0 c:/altera/11.0sp1/nios2eds/bin/gnu/h-i686-mingw32/bin/../lib/gcc/nios2-elf/4.1.2\libgcc.a(_df_to_si.o)
 .data          0x0404d264        0x0 c:/altera/11.0sp1/nios2eds/bin/gnu/h-i686-mingw32/bin/../lib/gcc/nios2-elf/4.1.2\libgcc.a(_thenan_df.o)
 .data          0x0404d264        0x0 c:/altera/11.0sp1/nios2eds/bin/gnu/h-i686-mingw32/bin/../lib/gcc/nios2-elf/4.1.2\libgcc.a(_usi_to_df.o)
 .data          0x0404d264        0x0 c:/altera/11.0sp1/nios2eds/bin/gnu/h-i686-mingw32/bin/../lib/gcc/nios2-elf/4.1.2\libgcc.a(lib2-divmod.o)
 .data          0x0404d264        0x0 c:/altera/11.0sp1/nios2eds/bin/gnu/h-i686-mingw32/bin/../lib/gcc/nios2-elf/4.1.2\libgcc.a(_muldi3.o)
 .data          0x0404d264        0x0 c:/altera/11.0sp1/nios2eds/bin/gnu/h-i686-mingw32/bin/../lib/gcc/nios2-elf/4.1.2\libgcc.a(_clz.o)
 .data          0x0404d264        0x0 c:/altera/11.0sp1/nios2eds/bin/gnu/h-i686-mingw32/bin/../lib/gcc/nios2-elf/4.1.2\libgcc.a(_clzsi2.o)
 .data          0x0404d264        0x0 c:/altera/11.0sp1/nios2eds/bin/gnu/h-i686-mingw32/bin/../lib/gcc/nios2-elf/4.1.2\libgcc.a(_pack_df.o)
 .data          0x0404d264        0x0 c:/altera/11.0sp1/nios2eds/bin/gnu/h-i686-mingw32/bin/../lib/gcc/nios2-elf/4.1.2\libgcc.a(_unpack_df.o)
 .data          0x0404d264        0x0 c:/altera/11.0sp1/nios2eds/bin/gnu/h-i686-mingw32/bin/../lib/gcc/nios2-elf/4.1.2\libgcc.a(_fpcmp_parts_df.o)
 .data          0x0404d264        0x0 ../tcpip_test_bsp/\libucosii_bsp.a(alt_fstat.o)
 .data          0x0404d264        0x0 ../tcpip_test_bsp/\libucosii_bsp.a(alt_isatty.o)
 .data          0x0404d264        0x0 ../tcpip_test_bsp/\libucosii_bsp.a(alt_load.o)
 .data          0x0404d264        0x0 ../tcpip_test_bsp/\libucosii_bsp.a(alt_lseek.o)
 .data          0x0404d264        0x0 ../tcpip_test_bsp/\libucosii_bsp.a(alt_main.o)
 .data          0x0404d264        0x0 ../tcpip_test_bsp/\libucosii_bsp.a(alt_sbrk.o)
 .data          0x0404d264        0x0 ../tcpip_test_bsp/\libucosii_bsp.a(alt_env_lock.o)
 .data          0x0404d264        0x0 ../tcpip_test_bsp/\libucosii_bsp.a(alt_malloc_lock.o)
 .data          0x0404d264        0x0 ../tcpip_test_bsp/\libucosii_bsp.a(os_core.o)
 .data          0x0404d264        0x0 ../tcpip_test_bsp/\libucosii_bsp.a(os_dbg.o)
 .data          0x0404d264        0x0 ../tcpip_test_bsp/\libucosii_bsp.a(os_flag.o)